******************************************************************************
                  TI ARM Linker PC v20.2.7                     
******************************************************************************
>> Linked Wed May  1 09:58:59 2024

OUTPUT FILE NAME:   <RTES_Exercise5_Q2.out>
ENTRY POINT SYMBOL: "_c_int00_noargs"  address: 000026a5


MEMORY CONFIGURATION

         name            origin    length      used     unused   attr    fill
----------------------  --------  ---------  --------  --------  ----  --------
  FLASH                 00000000   00040000  00002bea  0003d416  R  X
  SRAM                  20000000   00008000  00007958  000006a8  RW X


SEGMENT ALLOCATION MAP

run origin  load origin   length   init length attrs members
----------  ----------- ---------- ----------- ----- -------
00000000    00000000    00002bf0   00002bf0    r-x
  00000000    00000000    0000026c   0000026c    r-- .intvecs
  0000026c    0000026c    0000280e   0000280e    r-x .text
  00002a7c    00002a7c    00000130   00000130    r-- .const
  00002bb0    00002bb0    00000040   00000040    r-- .cinit
20000000    20000000    0000795c   00000000    rw-
  20000000    20000000    000076fc   00000000    rw- .bss
  20007700    20007700    00000200   00000000    rw- .stack
  20007900    20007900    0000005c   00000000    rw- .data


SECTION ALLOCATION MAP

 output                                  attributes/
section   page    origin      length       input sections
--------  ----  ----------  ----------   ----------------
.intvecs   0    00000000    0000026c     
                  00000000    0000026c     startup_ccs.obj (.intvecs)

.text      0    0000026c    0000280e     
                  0000026c    0000030c     uartstdio.obj (.text:UARTvprintf)
                  00000578    000001f0     seqgen.obj (.text:main)
                  00000768    00000168     queue.obj (.text:xQueueGenericReceive)
                  000008d0    00000134     tasks.obj (.text:xTaskGenericCreate)
                  00000a04    00000134     tasks.obj (.text:xTaskIncrementTick)
                  00000b38    00000132     driverlib.lib : gpio.obj (.text:GPIOPadConfigSet)
                  00000c6a    00000002     startup_ccs.obj (.text:FaultISR)
                  00000c6c    00000128     queue.obj (.text:xQueueGenericSend)
                  00000d94    00000110     driverlib.lib : sysctl.obj (.text:SysCtlClockGet)
                  00000ea4    00000108     heap_2.obj (.text:pvPortMalloc)
                  00000fac    000000f8     tasks.obj (.text:xTaskResumeAll)
                  000010a4    000000d2     portasm.obj (.text)
                  00001176    00000002     startup_ccs.obj (.text:IntDefaultHandler)
                  00001178    000000c8     tasks.obj (.text:vTaskPriorityInherit)
                  00001240    000000c2     seqgen.obj (.text:write_to_accelerometer)
                  00001302    00000002     startup_ccs.obj (.text:NmiSR)
                  00001304    000000bc     tasks.obj (.text:vTaskDelete)
                  000013c0    000000ba     queue.obj (.text:prvCopyDataToQueue)
                  0000147a    00000002     rtsv7M4_T_le_v4SPD16_eabi.lib : div0.asm.obj (.text)
                  0000147c    000000b8     tasks.obj (.text:vTaskSwitchContext)
                  00001534    000000a4     seqgen.obj (.text:Sequencer_thread)
                  000015d8    000000a4     tasks.obj (.text:xTaskPriorityDisinherit)
                  0000167c    0000009c     rtsv7M4_T_le_v4SPD16_eabi.lib : memcpy_t2.asm.obj (.text)
                  00001718    00000098     tasks.obj (.text:prvInitialiseTCBVariables)
                  000017b0    00000094     seqgen.obj (.text:init_i2c0)
                  00001844    00000090     tasks.obj (.text:xTaskRemoveFromEventList)
                  000018d4    00000088     seqgen.obj (.text:service1)
                  0000195c    00000084     tasks.obj (.text:xTaskCheckForTimeOut)
                  000019e0    00000082     queue.obj (.text:prvUnlockQueue)
                  00001a62    00000002     --HOLE-- [fill = 0]
                  00001a64    0000007c     seqgen.obj (.text:pwm_init)
                  00001ae0    0000007a     rtsv7M4_T_le_v4SPD16_eabi.lib : memset_t2.asm.obj (.text)
                  00001b5a    00000076     queue.obj (.text:xQueueCreateMutex)
                  00001bd0    00000074     seqgen.obj (.text:ConfigureUART)
                  00001c44    00000074     uartstdio.obj (.text:UARTStdioConfig)
                  00001cb8    00000074     tasks.obj (.text:prvInitialiseTaskLists)
                  00001d2c    00000070     tasks.obj (.text:vTaskStartScheduler)
                  00001d9c    00000068     rtsv7M4_T_le_v4SPD16_eabi.lib : copy_decompress_lzss.c.obj (.text:decompress:lzss:__TI_decompress_lzss)
                  00001e04    00000068     tasks.obj (.text:prvCheckTasksWaitingTermination)
                  00001e6c    00000068     seqgen.obj (.text:tmp_sensor_init)
                  00001ed4    00000068     heap_2.obj (.text:vPortFree)
                  00001f3c    00000068     tasks.obj (.text:vTaskPlaceOnEventList)
                  00001fa4    00000066     list.obj (.text:vListInsert)
                  0000200a    0000005e     tasks.obj (.text:prvAllocateTCBAndStack)
                  00002068    0000005c     uartstdio.obj (.text:UARTwrite)
                  000020c4    0000005c     tasks.obj (.text:prvAddCurrentTaskToDelayedList)
                  00002120    0000005c     port.obj (.text:pxPortInitialiseStack)
                  0000217c    0000005a     seqgen.obj (.text:read_from_accelerometer)
                  000021d6    00000002     --HOLE-- [fill = 0]
                  000021d8    00000058     seqgen.obj (.text:button_init)
                  00002230    00000056     driverlib.lib : gpio.obj (.text:GPIOIntTypeSet)
                  00002286    00000002     --HOLE-- [fill = 0]
                  00002288    00000054     seqgen.obj (.text:service2)
                  000022dc    00000050     heap_2.obj (.text:prvHeapInit)
                  0000232c    0000004c     seqgen.obj (.text:tmp_readdata)
                  00002378    00000048     driverlib.lib : gpio.obj (.text:GPIOPinConfigure)
                  000023c0    00000048     list.obj (.text:uxListRemove)
                  00002408    00000044     rtsv7M4_T_le_v4SPD16_eabi.lib : autoinit.c.obj (.text:__TI_auto_init_nobinit_nopinit:__TI_auto_init_nobinit_nopinit)
                  0000244c    00000044     port.obj (.text:xPortStartScheduler)
                  00002490    00000040     seqgen.obj (.text:Timer0IntHandler)
                  000024d0    00000040     rtsv7M4_T_le_v4SPD16_eabi.lib : u_divt2.asm.obj (.text)
                  00002510    0000003c     driverlib.lib : ssi.obj (.text:SSIConfigSetExpClk)
                  0000254c    0000003c     queue.obj (.text:prvCopyDataFromQueue)
                  00002588    0000003c     tasks.obj (.text:prvResetNextTaskUnblockTime)
                  000025c4    0000003c     list.obj (.text:vListInsertEnd)
                  00002600    00000038     seqgen.obj (.text:ButtonHandler)
                  00002638    00000038     seqgen.obj (.text:service3)
                  00002670    00000034     driverlib.lib : sysctl.obj (.text:SysCtlPeripheralEnable)
                  000026a4    00000034     rtsv7M4_T_le_v4SPD16_eabi.lib : boot_cortex_m.c.obj (.text:_c_int00_noargs:_c_int00_noargs)
                  000026d8    00000030     list.obj (.text:vListInitialise)
                  00002708    0000002c     port.obj (.text:xPortSysTickHandler)
                  00002734    0000002a     driverlib.lib : gpio.obj (.text:GPIODirModeSet)
                  0000275e    00000026     queue.obj (.text:prvIsQueueFull)
                  00002784    00000024     uartstdio.obj (.text:UARTprintf)
                  000027a8    00000024     port.obj (.text:vPortEnterCritical)
                  000027cc    00000024     tasks.obj (.text:vTaskSetTimeOutState)
                  000027f0    00000022     driverlib.lib : pwm.obj (.text:PWMGenConfigure)
                  00002812    00000020     queue.obj (.text:prvIsQueueEmpty)
                  00002832    0000001e     driverlib.lib : pwm.obj (.text:PWMPulseWidthSet)
                  00002850    0000001c     tasks.obj (.text:pvTaskIncrementMutexHeldCount)
                  0000286c    0000001c     port.obj (.text:vPortExitCritical)
                  00002888    00000018     driverlib.lib : gpio.obj (.text:GPIOPinTypeGPIOOutput)
                  000028a0    00000018     port.obj (.text:vPortSetupTimerInterrupt)
                  000028b8    00000014     driverlib.lib : sysctl.obj (.text:SysCtlPWMClockSet)
                  000028cc    00000014     tasks.obj (.text:prvDeleteTCB)
                  000028e0    00000014     tasks.obj (.text:xTaskGetTickCount)
                  000028f4    00000012     driverlib.lib : gpio.obj (.text:GPIOPinTypeGPIOInput)
                  00002906    00000012                   : gpio.obj (.text:GPIOPinTypeI2CSCL)
                  00002918    00000012                   : gpio.obj (.text:GPIOPinTypePWM)
                  0000292a    00000012                   : gpio.obj (.text:GPIOPinTypeSSI)
                  0000293c    00000012                   : pwm.obj (.text:PWMGenPeriodGet)
                  0000294e    00000012                   : pwm.obj (.text:PWMOutputInvert)
                  00002960    00000012                   : pwm.obj (.text:PWMOutputState)
                  00002972    00000012                   : ssi.obj (.text:SSIDataGetNonBlocking)
                  00002984    00000010                   : pwm.obj (.text:PWMGenPeriodSet)
                  00002994    00000010     port.obj (.text:prvTaskExitError)
                  000029a4    00000010     list.obj (.text:vListInitialiseItem)
                  000029b4    00000010     tasks.obj (.text:vTaskSuspendAll)
                  000029c4    0000000e     driverlib.lib : gpio.obj (.text:GPIOIntDisable)
                  000029d2    0000000e     rtsv7M4_T_le_v4SPD16_eabi.lib : copy_decompress_none.c.obj (.text:decompress:none:__TI_decompress_none)
                  000029e0    0000000c     driverlib.lib : gpio.obj (.text:GPIOIntEnable)
                  000029ec    0000000c                   : pwm.obj (.text:PWMGenEnable)
                  000029f8    0000000c                   : ssi.obj (.text:SSIDataGet)
                  00002a04    0000000c     rtsv7M4_T_le_v4SPD16_eabi.lib : copy_zero_init.c.obj (.text:decompress:ZI:__TI_zero_init)
                  00002a10    0000000c     tasks.obj (.text:vTaskMissedYield)
                  00002a1c    0000000a     driverlib.lib : ssi.obj (.text:SSIDataPut)
                  00002a26    0000000a                   : ssi.obj (.text:SSIEnable)
                  00002a30    0000000a     tasks.obj (.text:prvIdleTask)
                  00002a3a    0000000a     seqgen.obj (.text:vApplicationStackOverflowHook)
                  00002a44    00000008     driverlib.lib : i2c.obj (.text:I2CMasterBusy)
                  00002a4c    00000008                   : i2c.obj (.text:I2CMasterSlaveAddrSet)
                  00002a54    00000006                   : gpio.obj (.text:GPIOPinWrite)
                  00002a5a    00000006     startup_ccs.obj (.text:ResetISR)
                  00002a60    00000006     driverlib.lib : uart.obj (.text:UARTClockSourceSet)
                  00002a66    00000004                   : i2c.obj (.text:I2CMasterControl)
                  00002a6a    00000004                   : i2c.obj (.text:I2CMasterDataGet)
                  00002a6e    00000004                   : i2c.obj (.text:I2CMasterDataPut)
                  00002a72    00000004     rtsv7M4_T_le_v4SPD16_eabi.lib : pre_init.c.obj (.text:_system_pre_init)
                  00002a76    00000004                                   : exit.c.obj (.text:abort:abort)

.const     0    00002a7c    00000130     
                  00002a7c    00000090     driverlib.lib : gpio.obj (.const:g_pui32GPIOBaseAddrs)
                  00002b0c    0000006c                   : sysctl.obj (.const:g_pui32Xtals)
                  00002b78    00000012     uartstdio.obj (.const:.string)
                  00002b8a    00000002     --HOLE-- [fill = 0]
                  00002b8c    0000000c     uartstdio.obj (.const:g_ui32UARTBase)
                  00002b98    0000000c     uartstdio.obj (.const:g_ui32UARTPeriph)
                  00002ba4    00000004     port.obj (.const)
                  00002ba8    00000004     uartstdio.obj (.const)

.cinit     0    00002bb0    00000040     
                  00002bb0    00000017     (.cinit..data.load) [load image, compression = lzss]
                  00002bc7    00000001     --HOLE-- [fill = 0]
                  00002bc8    0000000c     (__TI_handler_table)
                  00002bd4    00000004     --HOLE-- [fill = 0]
                  00002bd8    00000008     (.cinit..bss.load) [load image, compression = zero_init]
                  00002be0    00000010     (__TI_cinit_table)

.init_array 
*          0    00000000    00000000     UNINITIALIZED

.bss       0    20000000    000076fc     UNINITIALIZED
                  20000000    00007530     heap_2.obj (.bss:ucHeap)
                  20007530    00000140     tasks.obj (.bss:pxReadyTasksLists)
                  20007670    00000014     tasks.obj (.bss:xDelayedTaskList1)
                  20007684    00000014     tasks.obj (.bss:xDelayedTaskList2)
                  20007698    00000014     tasks.obj (.bss:xPendingReadyList)
                  200076ac    00000014     tasks.obj (.bss:xSuspendedTaskList)
                  200076c0    00000014     tasks.obj (.bss:xTasksWaitingTermination)
                  200076d4    00000008     tasks.obj (.bss)
                  200076dc    00000008     heap_2.obj (.bss:xEnd)
                  200076e4    00000008     heap_2.obj (.bss:xStart)
                  200076ec    00000004     (.common:semS1)
                  200076f0    00000004     (.common:semS2)
                  200076f4    00000004     (.common:semS3)
                  200076f8    00000004     (.common:semSched)

.data      0    20007900    0000005c     UNINITIALIZED
                  20007900    00000030     tasks.obj (.data)
                  20007930    00000018     seqgen.obj (.data)
                  20007948    00000008     heap_2.obj (.data)
                  20007950    00000005     uartstdio.obj (.data)
                  20007955    00000003     --HOLE--
                  20007958    00000004     port.obj (.data)

.stack     0    20007700    00000200     UNINITIALIZED
                  20007700    00000004     rtsv7M4_T_le_v4SPD16_eabi.lib : boot_cortex_m.c.obj (.stack)
                  20007704    000001fc     --HOLE--

__llvm_prf_cnts 
*          0    20000000    00000000     UNINITIALIZED

MODULE SUMMARY

       Module                       code    ro data   rw data
       ------                       ----    -------   -------
    .\
       seqgen.obj                   2006    0         40     
       startup_ccs.obj              12      620       0      
    +--+----------------------------+-------+---------+---------+
       Total:                       2018    620       40     
                                                             
    .\third_party\FreeRTOS\Source\
       tasks.obj                    2852    0         476    
       queue.obj                    1220    0         0      
       list.obj                     298     0         0      
    +--+----------------------------+-------+---------+---------+
       Total:                       4370    0         476    
                                                             
    .\third_party\FreeRTOS\Source\portable\CCS\ARM_CM4F\
       port.obj                     308     4         4      
       portasm.obj                  210     0         0      
    +--+----------------------------+-------+---------+---------+
       Total:                       518     4         4      
                                                             
    .\third_party\FreeRTOS\Source\portable\MemMang\
       heap_2.obj                   448     0         30024  
    +--+----------------------------+-------+---------+---------+
       Total:                       448     0         30024  
                                                             
    .\utils\
       uartstdio.obj                1024    46        5      
    +--+----------------------------+-------+---------+---------+
       Total:                       1024    46        5      
                                                             
    C:/ti/tivaware_c_series_2_1_4_178/driverlib/ccs/Debug/driverlib.lib
       gpio.obj                     634     144       0      
       sysctl.obj                   344     108       0      
       pwm.obj                      146     0         0      
       ssi.obj                      110     0         0      
       i2c.obj                      28      0         0      
       uart.obj                     6       0         0      
    +--+----------------------------+-------+---------+---------+
       Total:                       1268    252       0      
                                                             
    C:\ti\ccs1260\ccs\tools\compiler\ti-cgt-arm_20.2.7.LTS\lib\rtsv7M4_T_le_v4SPD16_eabi.lib
       memcpy_t2.asm.obj            156     0         0      
       memset_t2.asm.obj            122     0         0      
       copy_decompress_lzss.c.obj   104     0         0      
       autoinit.c.obj               68      0         0      
       u_divt2.asm.obj              64      0         0      
       boot_cortex_m.c.obj          52      0         0      
       copy_decompress_none.c.obj   14      0         0      
       copy_zero_init.c.obj         12      0         0      
       exit.c.obj                   4       0         0      
       pre_init.c.obj               4       0         0      
       div0.asm.obj                 2       0         0      
    +--+----------------------------+-------+---------+---------+
       Total:                       602     0         0      
                                                             
       Stack:                       0       0         512    
       Linker Generated:            0       59        0      
    +--+----------------------------+-------+---------+---------+
       Grand Total:                 10248   981       31061  


LINKER GENERATED COPY TABLES

__TI_cinit_table @ 00002be0 records: 2, size/record: 8, table size: 16
	.data: load addr=00002bb0, load size=00000017 bytes, run addr=20007900, run size=0000005c bytes, compression=lzss
	.bss: load addr=00002bd8, load size=00000008 bytes, run addr=20000000, run size=000076fc bytes, compression=zero_init


LINKER GENERATED HANDLER TABLE

__TI_handler_table @ 00002bc8 records: 3, size/record: 4, table size: 12
	index: 0, handler: __TI_decompress_lzss
	index: 1, handler: __TI_decompress_none
	index: 2, handler: __TI_zero_init


GLOBAL SYMBOLS: SORTED ALPHABETICALLY BY Name 

address   name                          
-------   ----                          
00002601  ButtonHandler                 
00002a77  C$$EXIT                       
00001bd1  ConfigureUART                 
00002735  GPIODirModeSet                
000029c5  GPIOIntDisable                
000029e1  GPIOIntEnable                 
00002231  GPIOIntTypeSet                
00000b39  GPIOPadConfigSet              
00002379  GPIOPinConfigure              
000028f5  GPIOPinTypeGPIOInput          
00002889  GPIOPinTypeGPIOOutput         
00002907  GPIOPinTypeI2CSCL             
00002919  GPIOPinTypePWM                
0000292b  GPIOPinTypeSSI                
00002a55  GPIOPinWrite                  
00002a45  I2CMasterBusy                 
00002a67  I2CMasterControl              
00002a6b  I2CMasterDataGet              
00002a6f  I2CMasterDataPut              
00002a4d  I2CMasterSlaveAddrSet         
000027f1  PWMGenConfigure               
000029ed  PWMGenEnable                  
0000293d  PWMGenPeriodGet               
00002985  PWMGenPeriodSet               
0000294f  PWMOutputInvert               
00002961  PWMOutputState                
00002833  PWMPulseWidthSet              
00002a5b  ResetISR                      
00002511  SSIConfigSetExpClk            
000029f9  SSIDataGet                    
00002973  SSIDataGetNonBlocking         
00002a1d  SSIDataPut                    
00002a27  SSIEnable                     
00000d95  SysCtlClockGet                
000028b9  SysCtlPWMClockSet             
00002671  SysCtlPeripheralEnable        
20007934  T1                            
20007938  T2                            
00002491  Timer0IntHandler              
00002a61  UARTClockSourceSet            
00001c45  UARTStdioConfig               
00002785  UARTprintf                    
0000026d  UARTvprintf                   
00002069  UARTwrite                     
20007900  __STACK_END                   
00000200  __STACK_SIZE                  
20007900  __STACK_TOP                   
00002be0  __TI_CINIT_Base               
00002bf0  __TI_CINIT_Limit              
00002bc8  __TI_Handler_Table_Base       
00002bd4  __TI_Handler_Table_Limit      
00002409  __TI_auto_init_nobinit_nopinit
00001d9d  __TI_decompress_lzss          
000029d3  __TI_decompress_none          
ffffffff  __TI_pprof_out_hndl           
ffffffff  __TI_prof_data_size           
ffffffff  __TI_prof_data_start          
00000000  __TI_static_base__            
00002a05  __TI_zero_init                
0000147b  __aeabi_idiv0                 
0000147b  __aeabi_ldiv0                 
00001ae1  __aeabi_memclr                
00001ae1  __aeabi_memclr4               
00001ae1  __aeabi_memclr8               
0000167d  __aeabi_memcpy                
0000167d  __aeabi_memcpy4               
0000167d  __aeabi_memcpy8               
00001ae3  __aeabi_memset                
00001ae3  __aeabi_memset4               
00001ae3  __aeabi_memset8               
000024d1  __aeabi_uidiv                 
000024d1  __aeabi_uidivmod              
ffffffff  __binit__                     
ffffffff  __c_args__                    
UNDEFED   __mpu_init                    
20007700  __stack                       
20000000  __start___llvm_prf_cnts       
20000000  __stop___llvm_prf_cnts        
000026a5  _c_int00_noargs               
UNDEFED   _system_post_cinit            
00002a73  _system_pre_init              
00002a77  abort                         
20007930  abortS1                       
20007931  abortS2                       
20007932  abortS3                       
ffffffff  binit                         
000021d9  button_init                   
00000000  g_pfnVectors                  
000017b1  init_i2c0                     
00000579  main                          
0000167d  memcpy                        
00001ae9  memset                        
00000ea5  pvPortMalloc                  
00002851  pvTaskIncrementMutexHeldCount 
00001a65  pwm_init                      
20007900  pxCurrentTCB                  
00002121  pxPortInitialiseStack         
0000217d  read_from_accelerometer       
200076ec  semS1                         
200076f0  semS2                         
200076f4  semS3                         
200076f8  semSched                      
0000232d  tmp_readdata                  
00001e6d  tmp_sensor_init               
00002ba4  ulMaxSyscallInterruptPriority 
000010b5  ulPortGetIPSR                 
000023c1  uxListRemove                  
00002a3b  vApplicationStackOverflowHook 
000026d9  vListInitialise               
000029a5  vListInitialiseItem           
00001fa5  vListInsert                   
000025c5  vListInsertEnd                
00001169  vPortEnableVFP                
000027a9  vPortEnterCritical            
0000286d  vPortExitCritical             
00001ed5  vPortFree                     
0000112d  vPortSVCHandler               
000028a1  vPortSetupTimerInterrupt      
0000114d  vPortStartFirstTask           
00001305  vTaskDelete                   
00002a11  vTaskMissedYield              
00001f3d  vTaskPlaceOnEventList         
00001179  vTaskPriorityInherit          
000027cd  vTaskSetTimeOutState          
00001d2d  vTaskStartScheduler           
000029b5  vTaskSuspendAll               
0000147d  vTaskSwitchContext            
00001241  write_to_accelerometer        
000010cd  xPortPendSVHandler            
0000244d  xPortStartScheduler           
00002709  xPortSysTickHandler           
00001b5b  xQueueCreateMutex             
00000769  xQueueGenericReceive          
00000c6d  xQueueGenericSend             
0000195d  xTaskCheckForTimeOut          
000008d1  xTaskGenericCreate            
000028e1  xTaskGetTickCount             
00000a05  xTaskIncrementTick            
000015d9  xTaskPriorityDisinherit       
00001845  xTaskRemoveFromEventList      
00000fad  xTaskResumeAll                


GLOBAL SYMBOLS: SORTED BY Symbol Address 

address   name                          
-------   ----                          
00000000  __TI_static_base__            
00000000  g_pfnVectors                  
00000200  __STACK_SIZE                  
0000026d  UARTvprintf                   
00000579  main                          
00000769  xQueueGenericReceive          
000008d1  xTaskGenericCreate            
00000a05  xTaskIncrementTick            
00000b39  GPIOPadConfigSet              
00000c6d  xQueueGenericSend             
00000d95  SysCtlClockGet                
00000ea5  pvPortMalloc                  
00000fad  xTaskResumeAll                
000010b5  ulPortGetIPSR                 
000010cd  xPortPendSVHandler            
0000112d  vPortSVCHandler               
0000114d  vPortStartFirstTask           
00001169  vPortEnableVFP                
00001179  vTaskPriorityInherit          
00001241  write_to_accelerometer        
00001305  vTaskDelete                   
0000147b  __aeabi_idiv0                 
0000147b  __aeabi_ldiv0                 
0000147d  vTaskSwitchContext            
000015d9  xTaskPriorityDisinherit       
0000167d  __aeabi_memcpy                
0000167d  __aeabi_memcpy4               
0000167d  __aeabi_memcpy8               
0000167d  memcpy                        
000017b1  init_i2c0                     
00001845  xTaskRemoveFromEventList      
0000195d  xTaskCheckForTimeOut          
00001a65  pwm_init                      
00001ae1  __aeabi_memclr                
00001ae1  __aeabi_memclr4               
00001ae1  __aeabi_memclr8               
00001ae3  __aeabi_memset                
00001ae3  __aeabi_memset4               
00001ae3  __aeabi_memset8               
00001ae9  memset                        
00001b5b  xQueueCreateMutex             
00001bd1  ConfigureUART                 
00001c45  UARTStdioConfig               
00001d2d  vTaskStartScheduler           
00001d9d  __TI_decompress_lzss          
00001e6d  tmp_sensor_init               
00001ed5  vPortFree                     
00001f3d  vTaskPlaceOnEventList         
00001fa5  vListInsert                   
00002069  UARTwrite                     
00002121  pxPortInitialiseStack         
0000217d  read_from_accelerometer       
000021d9  button_init                   
00002231  GPIOIntTypeSet                
0000232d  tmp_readdata                  
00002379  GPIOPinConfigure              
000023c1  uxListRemove                  
00002409  __TI_auto_init_nobinit_nopinit
0000244d  xPortStartScheduler           
00002491  Timer0IntHandler              
000024d1  __aeabi_uidiv                 
000024d1  __aeabi_uidivmod              
00002511  SSIConfigSetExpClk            
000025c5  vListInsertEnd                
00002601  ButtonHandler                 
00002671  SysCtlPeripheralEnable        
000026a5  _c_int00_noargs               
000026d9  vListInitialise               
00002709  xPortSysTickHandler           
00002735  GPIODirModeSet                
00002785  UARTprintf                    
000027a9  vPortEnterCritical            
000027cd  vTaskSetTimeOutState          
000027f1  PWMGenConfigure               
00002833  PWMPulseWidthSet              
00002851  pvTaskIncrementMutexHeldCount 
0000286d  vPortExitCritical             
00002889  GPIOPinTypeGPIOOutput         
000028a1  vPortSetupTimerInterrupt      
000028b9  SysCtlPWMClockSet             
000028e1  xTaskGetTickCount             
000028f5  GPIOPinTypeGPIOInput          
00002907  GPIOPinTypeI2CSCL             
00002919  GPIOPinTypePWM                
0000292b  GPIOPinTypeSSI                
0000293d  PWMGenPeriodGet               
0000294f  PWMOutputInvert               
00002961  PWMOutputState                
00002973  SSIDataGetNonBlocking         
00002985  PWMGenPeriodSet               
000029a5  vListInitialiseItem           
000029b5  vTaskSuspendAll               
000029c5  GPIOIntDisable                
000029d3  __TI_decompress_none          
000029e1  GPIOIntEnable                 
000029ed  PWMGenEnable                  
000029f9  SSIDataGet                    
00002a05  __TI_zero_init                
00002a11  vTaskMissedYield              
00002a1d  SSIDataPut                    
00002a27  SSIEnable                     
00002a3b  vApplicationStackOverflowHook 
00002a45  I2CMasterBusy                 
00002a4d  I2CMasterSlaveAddrSet         
00002a55  GPIOPinWrite                  
00002a5b  ResetISR                      
00002a61  UARTClockSourceSet            
00002a67  I2CMasterControl              
00002a6b  I2CMasterDataGet              
00002a6f  I2CMasterDataPut              
00002a73  _system_pre_init              
00002a77  C$$EXIT                       
00002a77  abort                         
00002ba4  ulMaxSyscallInterruptPriority 
00002bc8  __TI_Handler_Table_Base       
00002bd4  __TI_Handler_Table_Limit      
00002be0  __TI_CINIT_Base               
00002bf0  __TI_CINIT_Limit              
20000000  __start___llvm_prf_cnts       
20000000  __stop___llvm_prf_cnts        
200076ec  semS1                         
200076f0  semS2                         
200076f4  semS3                         
200076f8  semSched                      
20007700  __stack                       
20007900  __STACK_END                   
20007900  __STACK_TOP                   
20007900  pxCurrentTCB                  
20007930  abortS1                       
20007931  abortS2                       
20007932  abortS3                       
20007934  T1                            
20007938  T2                            
ffffffff  __TI_pprof_out_hndl           
ffffffff  __TI_prof_data_size           
ffffffff  __TI_prof_data_start          
ffffffff  __binit__                     
ffffffff  __c_args__                    
ffffffff  binit                         
UNDEFED   __mpu_init                    
UNDEFED   _system_post_cinit            

[141 symbols]
