******************************************************************************
                  TI ARM Linker PC v20.2.7                     
******************************************************************************
>> Linked Thu May  2 20:45:55 2024

OUTPUT FILE NAME:   <RTES_Final_Project.out>
ENTRY POINT SYMBOL: "_c_int00_noargs"  address: 000027a5


MEMORY CONFIGURATION

         name            origin    length      used     unused   attr    fill
----------------------  --------  ---------  --------  --------  ----  --------
  FLASH                 00000000   00040000  00002d0e  0003d2f2  R  X
  SRAM                  20000000   00008000  00007960  000006a0  RW X


SEGMENT ALLOCATION MAP

run origin  load origin   length   init length attrs members
----------  ----------- ---------- ----------- ----- -------
00000000    00000000    00002d10   00002d10    r-x
  00000000    00000000    0000026c   0000026c    r-- .intvecs
  0000026c    0000026c    00002932   00002932    r-x .text
  00002ba0    00002ba0    00000130   00000130    r-- .const
  00002cd0    00002cd0    00000040   00000040    r-- .cinit
20000000    20000000    00007964   00000000    rw-
  20000000    20000000    000076fc   00000000    rw- .bss
  20007700    20007700    00000200   00000000    rw- .stack
  20007900    20007900    00000064   00000000    rw- .data


SECTION ALLOCATION MAP

 output                                  attributes/
section   page    origin      length       input sections
--------  ----  ----------  ----------   ----------------
.intvecs   0    00000000    0000026c     
                  00000000    0000026c     startup_ccs.obj (.intvecs)

.text      0    0000026c    00002932     
                  0000026c    0000030c     uartstdio.obj (.text:UARTvprintf)
                  00000578    000001f4     main.obj (.text:main)
                  0000076c    00000168     queue.obj (.text:xQueueGenericReceive)
                  000008d4    00000134     tasks.obj (.text:xTaskGenericCreate)
                  00000a08    00000134     tasks.obj (.text:xTaskIncrementTick)
                  00000b3c    00000132     driverlib.lib : gpio.obj (.text:GPIOPadConfigSet)
                  00000c6e    00000002     startup_ccs.obj (.text:FaultISR)
                  00000c70    00000128     queue.obj (.text:xQueueGenericSend)
                  00000d98    00000110     driverlib.lib : sysctl.obj (.text:SysCtlClockGet)
                  00000ea8    00000108     heap_2.obj (.text:pvPortMalloc)
                  00000fb0    000000f8     tasks.obj (.text:xTaskResumeAll)
                  000010a8    000000d8     main.obj (.text:Sequencer_thread)
                  00001180    000000d2     portasm.obj (.text)
                  00001252    00000002     startup_ccs.obj (.text:IntDefaultHandler)
                  00001254    000000c8     tasks.obj (.text:vTaskPriorityInherit)
                  0000131c    000000c2     main.obj (.text:write_to_accelerometer)
                  000013de    00000002     startup_ccs.obj (.text:NmiSR)
                  000013e0    000000bc     tasks.obj (.text:vTaskDelete)
                  0000149c    000000ba     queue.obj (.text:prvCopyDataToQueue)
                  00001556    00000002     rtsv7M4_T_le_v4SPD16_eabi.lib : div0.asm.obj (.text)
                  00001558    000000b8     tasks.obj (.text:vTaskSwitchContext)
                  00001610    000000a8     main.obj (.text:service1)
                  000016b8    000000a4     tasks.obj (.text:xTaskPriorityDisinherit)
                  0000175c    0000009c     rtsv7M4_T_le_v4SPD16_eabi.lib : memcpy_t2.asm.obj (.text)
                  000017f8    00000098     tasks.obj (.text:prvInitialiseTCBVariables)
                  00001890    00000094     main.obj (.text:init_i2c0)
                  00001924    00000090     tasks.obj (.text:xTaskRemoveFromEventList)
                  000019b4    00000084     tasks.obj (.text:xTaskCheckForTimeOut)
                  00001a38    00000082     queue.obj (.text:prvUnlockQueue)
                  00001aba    00000002     --HOLE-- [fill = 0]
                  00001abc    0000007c     main.obj (.text:heating_pwm_init)
                  00001b38    0000007c     main.obj (.text:service2)
                  00001bb4    0000007a     rtsv7M4_T_le_v4SPD16_eabi.lib : memset_t2.asm.obj (.text)
                  00001c2e    00000002     --HOLE-- [fill = 0]
                  00001c30    00000078     main.obj (.text:seat_pwm_init)
                  00001ca8    00000076     queue.obj (.text:xQueueCreateMutex)
                  00001d1e    00000002     --HOLE-- [fill = 0]
                  00001d20    00000074     main.obj (.text:ConfigureUART)
                  00001d94    00000074     uartstdio.obj (.text:UARTStdioConfig)
                  00001e08    00000074     tasks.obj (.text:prvInitialiseTaskLists)
                  00001e7c    00000074     main.obj (.text:service3)
                  00001ef0    00000070     tasks.obj (.text:vTaskStartScheduler)
                  00001f60    00000068     rtsv7M4_T_le_v4SPD16_eabi.lib : copy_decompress_lzss.c.obj (.text:decompress:lzss:__TI_decompress_lzss)
                  00001fc8    00000068     tasks.obj (.text:prvCheckTasksWaitingTermination)
                  00002030    00000068     main.obj (.text:tmp_sensor_init)
                  00002098    00000068     heap_2.obj (.text:vPortFree)
                  00002100    00000068     tasks.obj (.text:vTaskPlaceOnEventList)
                  00002168    00000066     list.obj (.text:vListInsert)
                  000021ce    0000005e     tasks.obj (.text:prvAllocateTCBAndStack)
                  0000222c    0000005c     uartstdio.obj (.text:UARTwrite)
                  00002288    0000005c     tasks.obj (.text:prvAddCurrentTaskToDelayedList)
                  000022e4    0000005c     port.obj (.text:pxPortInitialiseStack)
                  00002340    0000005a     main.obj (.text:read_from_accelerometer)
                  0000239a    00000002     --HOLE-- [fill = 0]
                  0000239c    00000058     main.obj (.text:button_init)
                  000023f4    00000056     driverlib.lib : gpio.obj (.text:GPIOIntTypeSet)
                  0000244a    00000002     --HOLE-- [fill = 0]
                  0000244c    00000050     heap_2.obj (.text:prvHeapInit)
                  0000249c    0000004c     main.obj (.text:tmp_readdata)
                  000024e8    00000048     driverlib.lib : gpio.obj (.text:GPIOPinConfigure)
                  00002530    00000048     list.obj (.text:uxListRemove)
                  00002578    00000044     rtsv7M4_T_le_v4SPD16_eabi.lib : autoinit.c.obj (.text:__TI_auto_init_nobinit_nopinit:__TI_auto_init_nobinit_nopinit)
                  000025bc    00000044     port.obj (.text:xPortStartScheduler)
                  00002600    00000040     main.obj (.text:Timer0IntHandler)
                  00002640    00000040     rtsv7M4_T_le_v4SPD16_eabi.lib : u_divt2.asm.obj (.text)
                  00002680    0000003c     driverlib.lib : ssi.obj (.text:SSIConfigSetExpClk)
                  000026bc    0000003c     queue.obj (.text:prvCopyDataFromQueue)
                  000026f8    0000003c     tasks.obj (.text:prvResetNextTaskUnblockTime)
                  00002734    0000003c     list.obj (.text:vListInsertEnd)
                  00002770    00000034     driverlib.lib : sysctl.obj (.text:SysCtlPeripheralEnable)
                  000027a4    00000034     rtsv7M4_T_le_v4SPD16_eabi.lib : boot_cortex_m.c.obj (.text:_c_int00_noargs:_c_int00_noargs)
                  000027d8    00000030     list.obj (.text:vListInitialise)
                  00002808    0000002c     port.obj (.text:xPortSysTickHandler)
                  00002834    0000002a     driverlib.lib : gpio.obj (.text:GPIODirModeSet)
                  0000285e    00000026     queue.obj (.text:prvIsQueueFull)
                  00002884    00000024     main.obj (.text:ButtonHandler)
                  000028a8    00000024     uartstdio.obj (.text:UARTprintf)
                  000028cc    00000024     port.obj (.text:vPortEnterCritical)
                  000028f0    00000024     tasks.obj (.text:vTaskSetTimeOutState)
                  00002914    00000022     driverlib.lib : pwm.obj (.text:PWMGenConfigure)
                  00002936    00000020     queue.obj (.text:prvIsQueueEmpty)
                  00002956    0000001e     driverlib.lib : pwm.obj (.text:PWMPulseWidthSet)
                  00002974    0000001c     tasks.obj (.text:pvTaskIncrementMutexHeldCount)
                  00002990    0000001c     port.obj (.text:vPortExitCritical)
                  000029ac    00000018     driverlib.lib : gpio.obj (.text:GPIOPinTypeGPIOOutput)
                  000029c4    00000018     port.obj (.text:vPortSetupTimerInterrupt)
                  000029dc    00000014     driverlib.lib : sysctl.obj (.text:SysCtlPWMClockSet)
                  000029f0    00000014     tasks.obj (.text:prvDeleteTCB)
                  00002a04    00000014     tasks.obj (.text:xTaskGetTickCount)
                  00002a18    00000012     driverlib.lib : gpio.obj (.text:GPIOPinTypeGPIOInput)
                  00002a2a    00000012                   : gpio.obj (.text:GPIOPinTypeI2CSCL)
                  00002a3c    00000012                   : gpio.obj (.text:GPIOPinTypePWM)
                  00002a4e    00000012                   : gpio.obj (.text:GPIOPinTypeSSI)
                  00002a60    00000012                   : pwm.obj (.text:PWMGenPeriodGet)
                  00002a72    00000012                   : pwm.obj (.text:PWMOutputInvert)
                  00002a84    00000012                   : pwm.obj (.text:PWMOutputState)
                  00002a96    00000012                   : ssi.obj (.text:SSIDataGetNonBlocking)
                  00002aa8    00000010                   : pwm.obj (.text:PWMGenPeriodSet)
                  00002ab8    00000010     port.obj (.text:prvTaskExitError)
                  00002ac8    00000010     list.obj (.text:vListInitialiseItem)
                  00002ad8    00000010     tasks.obj (.text:vTaskSuspendAll)
                  00002ae8    0000000e     driverlib.lib : gpio.obj (.text:GPIOIntDisable)
                  00002af6    0000000e     rtsv7M4_T_le_v4SPD16_eabi.lib : copy_decompress_none.c.obj (.text:decompress:none:__TI_decompress_none)
                  00002b04    0000000c     driverlib.lib : gpio.obj (.text:GPIOIntEnable)
                  00002b10    0000000c                   : pwm.obj (.text:PWMGenEnable)
                  00002b1c    0000000c                   : ssi.obj (.text:SSIDataGet)
                  00002b28    0000000c     rtsv7M4_T_le_v4SPD16_eabi.lib : copy_zero_init.c.obj (.text:decompress:ZI:__TI_zero_init)
                  00002b34    0000000c     tasks.obj (.text:vTaskMissedYield)
                  00002b40    0000000a     driverlib.lib : ssi.obj (.text:SSIDataPut)
                  00002b4a    0000000a                   : ssi.obj (.text:SSIEnable)
                  00002b54    0000000a     tasks.obj (.text:prvIdleTask)
                  00002b5e    0000000a     main.obj (.text:vApplicationStackOverflowHook)
                  00002b68    00000008     driverlib.lib : i2c.obj (.text:I2CMasterBusy)
                  00002b70    00000008                   : i2c.obj (.text:I2CMasterSlaveAddrSet)
                  00002b78    00000006                   : gpio.obj (.text:GPIOPinWrite)
                  00002b7e    00000006     startup_ccs.obj (.text:ResetISR)
                  00002b84    00000006     driverlib.lib : uart.obj (.text:UARTClockSourceSet)
                  00002b8a    00000004                   : i2c.obj (.text:I2CMasterControl)
                  00002b8e    00000004                   : i2c.obj (.text:I2CMasterDataGet)
                  00002b92    00000004                   : i2c.obj (.text:I2CMasterDataPut)
                  00002b96    00000004     rtsv7M4_T_le_v4SPD16_eabi.lib : pre_init.c.obj (.text:_system_pre_init)
                  00002b9a    00000004                                   : exit.c.obj (.text:abort:abort)

.const     0    00002ba0    00000130     
                  00002ba0    00000090     driverlib.lib : gpio.obj (.const:g_pui32GPIOBaseAddrs)
                  00002c30    0000006c                   : sysctl.obj (.const:g_pui32Xtals)
                  00002c9c    00000012     uartstdio.obj (.const:.string)
                  00002cae    00000002     --HOLE-- [fill = 0]
                  00002cb0    0000000c     uartstdio.obj (.const:g_ui32UARTBase)
                  00002cbc    0000000c     uartstdio.obj (.const:g_ui32UARTPeriph)
                  00002cc8    00000004     port.obj (.const)
                  00002ccc    00000004     uartstdio.obj (.const)

.cinit     0    00002cd0    00000040     
                  00002cd0    0000001b     (.cinit..data.load) [load image, compression = lzss]
                  00002ceb    00000001     --HOLE-- [fill = 0]
                  00002cec    0000000c     (__TI_handler_table)
                  00002cf8    00000008     (.cinit..bss.load) [load image, compression = zero_init]
                  00002d00    00000010     (__TI_cinit_table)

.init_array 
*          0    00000000    00000000     UNINITIALIZED

.bss       0    20000000    000076fc     UNINITIALIZED
                  20000000    00007530     heap_2.obj (.bss:ucHeap)
                  20007530    00000140     tasks.obj (.bss:pxReadyTasksLists)
                  20007670    00000014     tasks.obj (.bss:xDelayedTaskList1)
                  20007684    00000014     tasks.obj (.bss:xDelayedTaskList2)
                  20007698    00000014     tasks.obj (.bss:xPendingReadyList)
                  200076ac    00000014     tasks.obj (.bss:xSuspendedTaskList)
                  200076c0    00000014     tasks.obj (.bss:xTasksWaitingTermination)
                  200076d4    00000008     tasks.obj (.bss)
                  200076dc    00000008     heap_2.obj (.bss:xEnd)
                  200076e4    00000008     heap_2.obj (.bss:xStart)
                  200076ec    00000004     (.common:semS1)
                  200076f0    00000004     (.common:semS2)
                  200076f4    00000004     (.common:semS3)
                  200076f8    00000004     (.common:semSched)

.data      0    20007900    00000064     UNINITIALIZED
                  20007900    00000030     tasks.obj (.data)
                  20007930    00000020     main.obj (.data)
                  20007950    00000008     heap_2.obj (.data)
                  20007958    00000005     uartstdio.obj (.data)
                  2000795d    00000003     --HOLE--
                  20007960    00000004     port.obj (.data)

.stack     0    20007700    00000200     UNINITIALIZED
                  20007700    00000004     rtsv7M4_T_le_v4SPD16_eabi.lib : boot_cortex_m.c.obj (.stack)
                  20007704    000001fc     --HOLE--

__llvm_prf_cnts 
*          0    20000000    00000000     UNINITIALIZED

MODULE SUMMARY

       Module                       code    ro data   rw data
       ------                       ----    -------   -------
    .\
       main.obj                     2294    0         48     
       startup_ccs.obj              12      620       0      
    +--+----------------------------+-------+---------+---------+
       Total:                       2306    620       48     
                                                             
    .\third_party\FreeRTOS\Source\
       tasks.obj                    2852    0         476    
       queue.obj                    1220    0         0      
       list.obj                     298     0         0      
    +--+----------------------------+-------+---------+---------+
       Total:                       4370    0         476    
                                                             
    .\third_party\FreeRTOS\Source\portable\CCS\ARM_CM4F\
       port.obj                     308     4         4      
       portasm.obj                  210     0         0      
    +--+----------------------------+-------+---------+---------+
       Total:                       518     4         4      
                                                             
    .\third_party\FreeRTOS\Source\portable\MemMang\
       heap_2.obj                   448     0         30024  
    +--+----------------------------+-------+---------+---------+
       Total:                       448     0         30024  
                                                             
    .\utils\
       uartstdio.obj                1024    46        5      
    +--+----------------------------+-------+---------+---------+
       Total:                       1024    46        5      
                                                             
    C:/ti/tivaware_c_series_2_1_4_178/driverlib/ccs/Debug/driverlib.lib
       gpio.obj                     634     144       0      
       sysctl.obj                   344     108       0      
       pwm.obj                      146     0         0      
       ssi.obj                      110     0         0      
       i2c.obj                      28      0         0      
       uart.obj                     6       0         0      
    +--+----------------------------+-------+---------+---------+
       Total:                       1268    252       0      
                                                             
    C:\ti\ccs1260\ccs\tools\compiler\ti-cgt-arm_20.2.7.LTS\lib\rtsv7M4_T_le_v4SPD16_eabi.lib
       memcpy_t2.asm.obj            156     0         0      
       memset_t2.asm.obj            122     0         0      
       copy_decompress_lzss.c.obj   104     0         0      
       autoinit.c.obj               68      0         0      
       u_divt2.asm.obj              64      0         0      
       boot_cortex_m.c.obj          52      0         0      
       copy_decompress_none.c.obj   14      0         0      
       copy_zero_init.c.obj         12      0         0      
       exit.c.obj                   4       0         0      
       pre_init.c.obj               4       0         0      
       div0.asm.obj                 2       0         0      
    +--+----------------------------+-------+---------+---------+
       Total:                       602     0         0      
                                                             
       Stack:                       0       0         512    
       Linker Generated:            0       63        0      
    +--+----------------------------+-------+---------+---------+
       Grand Total:                 10536   985       31069  


LINKER GENERATED COPY TABLES

__TI_cinit_table @ 00002d00 records: 2, size/record: 8, table size: 16
	.data: load addr=00002cd0, load size=0000001b bytes, run addr=20007900, run size=00000064 bytes, compression=lzss
	.bss: load addr=00002cf8, load size=00000008 bytes, run addr=20000000, run size=000076fc bytes, compression=zero_init


LINKER GENERATED HANDLER TABLE

__TI_handler_table @ 00002cec records: 3, size/record: 4, table size: 12
	index: 0, handler: __TI_decompress_lzss
	index: 1, handler: __TI_decompress_none
	index: 2, handler: __TI_zero_init


GLOBAL SYMBOLS: SORTED ALPHABETICALLY BY Name 

address   name                          
-------   ----                          
00002885  ButtonHandler                 
00002b9b  C$$EXIT                       
00001d21  ConfigureUART                 
00002835  GPIODirModeSet                
00002ae9  GPIOIntDisable                
00002b05  GPIOIntEnable                 
000023f5  GPIOIntTypeSet                
00000b3d  GPIOPadConfigSet              
000024e9  GPIOPinConfigure              
00002a19  GPIOPinTypeGPIOInput          
000029ad  GPIOPinTypeGPIOOutput         
00002a2b  GPIOPinTypeI2CSCL             
00002a3d  GPIOPinTypePWM                
00002a4f  GPIOPinTypeSSI                
00002b79  GPIOPinWrite                  
00002b69  I2CMasterBusy                 
00002b8b  I2CMasterControl              
00002b8f  I2CMasterDataGet              
00002b93  I2CMasterDataPut              
00002b71  I2CMasterSlaveAddrSet         
00002915  PWMGenConfigure               
00002b11  PWMGenEnable                  
00002a61  PWMGenPeriodGet               
00002aa9  PWMGenPeriodSet               
00002a73  PWMOutputInvert               
00002a85  PWMOutputState                
00002957  PWMPulseWidthSet              
00002b7f  ResetISR                      
00002681  SSIConfigSetExpClk            
00002b1d  SSIDataGet                    
00002a97  SSIDataGetNonBlocking         
00002b41  SSIDataPut                    
00002b4b  SSIEnable                     
00000d99  SysCtlClockGet                
000029dd  SysCtlPWMClockSet             
00002771  SysCtlPeripheralEnable        
20007934  T1                            
20007938  T2                            
2000793c  T3                            
00002601  Timer0IntHandler              
00002b85  UARTClockSourceSet            
00001d95  UARTStdioConfig               
000028a9  UARTprintf                    
0000026d  UARTvprintf                   
0000222d  UARTwrite                     
20007900  __STACK_END                   
00000200  __STACK_SIZE                  
20007900  __STACK_TOP                   
00002d00  __TI_CINIT_Base               
00002d10  __TI_CINIT_Limit              
00002cec  __TI_Handler_Table_Base       
00002cf8  __TI_Handler_Table_Limit      
00002579  __TI_auto_init_nobinit_nopinit
00001f61  __TI_decompress_lzss          
00002af7  __TI_decompress_none          
ffffffff  __TI_pprof_out_hndl           
ffffffff  __TI_prof_data_size           
ffffffff  __TI_prof_data_start          
00000000  __TI_static_base__            
00002b29  __TI_zero_init                
00001557  __aeabi_idiv0                 
00001557  __aeabi_ldiv0                 
00001bb5  __aeabi_memclr                
00001bb5  __aeabi_memclr4               
00001bb5  __aeabi_memclr8               
0000175d  __aeabi_memcpy                
0000175d  __aeabi_memcpy4               
0000175d  __aeabi_memcpy8               
00001bb7  __aeabi_memset                
00001bb7  __aeabi_memset4               
00001bb7  __aeabi_memset8               
00002641  __aeabi_uidiv                 
00002641  __aeabi_uidivmod              
ffffffff  __binit__                     
ffffffff  __c_args__                    
UNDEFED   __mpu_init                    
20007700  __stack                       
20000000  __start___llvm_prf_cnts       
20000000  __stop___llvm_prf_cnts        
000027a5  _c_int00_noargs               
UNDEFED   _system_post_cinit            
00002b97  _system_pre_init              
00002b9b  abort                         
20007930  abortS1                       
20007931  abortS2                       
20007932  abortS3                       
ffffffff  binit                         
0000239d  button_init                   
00000000  g_pfnVectors                  
00001abd  heating_pwm_init              
00001891  init_i2c0                     
00000579  main                          
0000175d  memcpy                        
00001bbd  memset                        
00000ea9  pvPortMalloc                  
00002975  pvTaskIncrementMutexHeldCount 
20007900  pxCurrentTCB                  
000022e5  pxPortInitialiseStack         
00002341  read_from_accelerometer       
00001c31  seat_pwm_init                 
200076ec  semS1                         
200076f0  semS2                         
200076f4  semS3                         
200076f8  semSched                      
0000249d  tmp_readdata                  
00002031  tmp_sensor_init               
00002cc8  ulMaxSyscallInterruptPriority 
00001191  ulPortGetIPSR                 
00002531  uxListRemove                  
00002b5f  vApplicationStackOverflowHook 
000027d9  vListInitialise               
00002ac9  vListInitialiseItem           
00002169  vListInsert                   
00002735  vListInsertEnd                
00001245  vPortEnableVFP                
000028cd  vPortEnterCritical            
00002991  vPortExitCritical             
00002099  vPortFree                     
00001209  vPortSVCHandler               
000029c5  vPortSetupTimerInterrupt      
00001229  vPortStartFirstTask           
000013e1  vTaskDelete                   
00002b35  vTaskMissedYield              
00002101  vTaskPlaceOnEventList         
00001255  vTaskPriorityInherit          
000028f1  vTaskSetTimeOutState          
00001ef1  vTaskStartScheduler           
00002ad9  vTaskSuspendAll               
00001559  vTaskSwitchContext            
0000131d  write_to_accelerometer        
000011a9  xPortPendSVHandler            
000025bd  xPortStartScheduler           
00002809  xPortSysTickHandler           
00001ca9  xQueueCreateMutex             
0000076d  xQueueGenericReceive          
00000c71  xQueueGenericSend             
000019b5  xTaskCheckForTimeOut          
000008d5  xTaskGenericCreate            
00002a05  xTaskGetTickCount             
00000a09  xTaskIncrementTick            
000016b9  xTaskPriorityDisinherit       
00001925  xTaskRemoveFromEventList      
00000fb1  xTaskResumeAll                


GLOBAL SYMBOLS: SORTED BY Symbol Address 

address   name                          
-------   ----                          
00000000  __TI_static_base__            
00000000  g_pfnVectors                  
00000200  __STACK_SIZE                  
0000026d  UARTvprintf                   
00000579  main                          
0000076d  xQueueGenericReceive          
000008d5  xTaskGenericCreate            
00000a09  xTaskIncrementTick            
00000b3d  GPIOPadConfigSet              
00000c71  xQueueGenericSend             
00000d99  SysCtlClockGet                
00000ea9  pvPortMalloc                  
00000fb1  xTaskResumeAll                
00001191  ulPortGetIPSR                 
000011a9  xPortPendSVHandler            
00001209  vPortSVCHandler               
00001229  vPortStartFirstTask           
00001245  vPortEnableVFP                
00001255  vTaskPriorityInherit          
0000131d  write_to_accelerometer        
000013e1  vTaskDelete                   
00001557  __aeabi_idiv0                 
00001557  __aeabi_ldiv0                 
00001559  vTaskSwitchContext            
000016b9  xTaskPriorityDisinherit       
0000175d  __aeabi_memcpy                
0000175d  __aeabi_memcpy4               
0000175d  __aeabi_memcpy8               
0000175d  memcpy                        
00001891  init_i2c0                     
00001925  xTaskRemoveFromEventList      
000019b5  xTaskCheckForTimeOut          
00001abd  heating_pwm_init              
00001bb5  __aeabi_memclr                
00001bb5  __aeabi_memclr4               
00001bb5  __aeabi_memclr8               
00001bb7  __aeabi_memset                
00001bb7  __aeabi_memset4               
00001bb7  __aeabi_memset8               
00001bbd  memset                        
00001c31  seat_pwm_init                 
00001ca9  xQueueCreateMutex             
00001d21  ConfigureUART                 
00001d95  UARTStdioConfig               
00001ef1  vTaskStartScheduler           
00001f61  __TI_decompress_lzss          
00002031  tmp_sensor_init               
00002099  vPortFree                     
00002101  vTaskPlaceOnEventList         
00002169  vListInsert                   
0000222d  UARTwrite                     
000022e5  pxPortInitialiseStack         
00002341  read_from_accelerometer       
0000239d  button_init                   
000023f5  GPIOIntTypeSet                
0000249d  tmp_readdata                  
000024e9  GPIOPinConfigure              
00002531  uxListRemove                  
00002579  __TI_auto_init_nobinit_nopinit
000025bd  xPortStartScheduler           
00002601  Timer0IntHandler              
00002641  __aeabi_uidiv                 
00002641  __aeabi_uidivmod              
00002681  SSIConfigSetExpClk            
00002735  vListInsertEnd                
00002771  SysCtlPeripheralEnable        
000027a5  _c_int00_noargs               
000027d9  vListInitialise               
00002809  xPortSysTickHandler           
00002835  GPIODirModeSet                
00002885  ButtonHandler                 
000028a9  UARTprintf                    
000028cd  vPortEnterCritical            
000028f1  vTaskSetTimeOutState          
00002915  PWMGenConfigure               
00002957  PWMPulseWidthSet              
00002975  pvTaskIncrementMutexHeldCount 
00002991  vPortExitCritical             
000029ad  GPIOPinTypeGPIOOutput         
000029c5  vPortSetupTimerInterrupt      
000029dd  SysCtlPWMClockSet             
00002a05  xTaskGetTickCount             
00002a19  GPIOPinTypeGPIOInput          
00002a2b  GPIOPinTypeI2CSCL             
00002a3d  GPIOPinTypePWM                
00002a4f  GPIOPinTypeSSI                
00002a61  PWMGenPeriodGet               
00002a73  PWMOutputInvert               
00002a85  PWMOutputState                
00002a97  SSIDataGetNonBlocking         
00002aa9  PWMGenPeriodSet               
00002ac9  vListInitialiseItem           
00002ad9  vTaskSuspendAll               
00002ae9  GPIOIntDisable                
00002af7  __TI_decompress_none          
00002b05  GPIOIntEnable                 
00002b11  PWMGenEnable                  
00002b1d  SSIDataGet                    
00002b29  __TI_zero_init                
00002b35  vTaskMissedYield              
00002b41  SSIDataPut                    
00002b4b  SSIEnable                     
00002b5f  vApplicationStackOverflowHook 
00002b69  I2CMasterBusy                 
00002b71  I2CMasterSlaveAddrSet         
00002b79  GPIOPinWrite                  
00002b7f  ResetISR                      
00002b85  UARTClockSourceSet            
00002b8b  I2CMasterControl              
00002b8f  I2CMasterDataGet              
00002b93  I2CMasterDataPut              
00002b97  _system_pre_init              
00002b9b  C$$EXIT                       
00002b9b  abort                         
00002cc8  ulMaxSyscallInterruptPriority 
00002cec  __TI_Handler_Table_Base       
00002cf8  __TI_Handler_Table_Limit      
00002d00  __TI_CINIT_Base               
00002d10  __TI_CINIT_Limit              
20000000  __start___llvm_prf_cnts       
20000000  __stop___llvm_prf_cnts        
200076ec  semS1                         
200076f0  semS2                         
200076f4  semS3                         
200076f8  semSched                      
20007700  __stack                       
20007900  __STACK_END                   
20007900  __STACK_TOP                   
20007900  pxCurrentTCB                  
20007930  abortS1                       
20007931  abortS2                       
20007932  abortS3                       
20007934  T1                            
20007938  T2                            
2000793c  T3                            
ffffffff  __TI_pprof_out_hndl           
ffffffff  __TI_prof_data_size           
ffffffff  __TI_prof_data_start          
ffffffff  __binit__                     
ffffffff  __c_args__                    
ffffffff  binit                         
UNDEFED   __mpu_init                    
UNDEFED   _system_post_cinit            

[143 symbols]
