<?xml version="1.0" encoding="ISO-8859-1" ?>
<link_info>
   <banner>TI ARM Linker PC v20.2.7.LTS</banner>
   <copyright>Copyright (c) 1996-2018 Texas Instruments Incorporated</copyright>
   <link_time>0x66344fe3</link_time>
   <link_errors>0x0</link_errors>
   <output_file>RTES_Final_Project.out</output_file>
   <entry_point>
      <name>_c_int00_noargs</name>
      <address>0x27a5</address>
   </entry_point>
   <input_file_list>
      <input_file id="fl-2">
         <path>.\</path>
         <kind>object</kind>
         <file>main.obj</file>
         <name>main.obj</name>
      </input_file>
      <input_file id="fl-3">
         <path>.\</path>
         <kind>object</kind>
         <file>startup_ccs.obj</file>
         <name>startup_ccs.obj</name>
      </input_file>
      <input_file id="fl-4">
         <path>.\third_party\FreeRTOS\Source\</path>
         <kind>object</kind>
         <file>list.obj</file>
         <name>list.obj</name>
      </input_file>
      <input_file id="fl-5">
         <path>.\third_party\FreeRTOS\Source\</path>
         <kind>object</kind>
         <file>queue.obj</file>
         <name>queue.obj</name>
      </input_file>
      <input_file id="fl-6">
         <path>.\third_party\FreeRTOS\Source\</path>
         <kind>object</kind>
         <file>tasks.obj</file>
         <name>tasks.obj</name>
      </input_file>
      <input_file id="fl-7">
         <path>.\third_party\FreeRTOS\Source\portable\CCS\ARM_CM4F\</path>
         <kind>object</kind>
         <file>port.obj</file>
         <name>port.obj</name>
      </input_file>
      <input_file id="fl-8">
         <path>.\third_party\FreeRTOS\Source\portable\CCS\ARM_CM4F\</path>
         <kind>object</kind>
         <file>portasm.obj</file>
         <name>portasm.obj</name>
      </input_file>
      <input_file id="fl-9">
         <path>.\third_party\FreeRTOS\Source\portable\MemMang\</path>
         <kind>object</kind>
         <file>heap_2.obj</file>
         <name>heap_2.obj</name>
      </input_file>
      <input_file id="fl-a">
         <path>.\utils\</path>
         <kind>object</kind>
         <file>uartstdio.obj</file>
         <name>uartstdio.obj</name>
      </input_file>
      <input_file id="fl-b">
         <path>.\utils\</path>
         <kind>object</kind>
         <file>ustdlib.obj</file>
         <name>ustdlib.obj</name>
      </input_file>
      <input_file id="fl-10">
         <kind>object</kind>
         <file>&lt;internal&gt;</file>
         <name>&lt;internal&gt;</name>
      </input_file>
      <input_file id="fl-c6">
         <path>C:\ti\ccs1260\ccs\tools\compiler\ti-cgt-arm_20.2.7.LTS\lib\</path>
         <kind>archive</kind>
         <file>rtsv7M4_T_le_v4SPD16_eabi.lib</file>
         <name>memcpy_t2.asm.obj</name>
      </input_file>
      <input_file id="fl-c7">
         <path>C:\ti\ccs1260\ccs\tools\compiler\ti-cgt-arm_20.2.7.LTS\lib\</path>
         <kind>archive</kind>
         <file>rtsv7M4_T_le_v4SPD16_eabi.lib</file>
         <name>memset_t2.asm.obj</name>
      </input_file>
      <input_file id="fl-c8">
         <path>C:\ti\ccs1260\ccs\tools\compiler\ti-cgt-arm_20.2.7.LTS\lib\</path>
         <kind>archive</kind>
         <file>rtsv7M4_T_le_v4SPD16_eabi.lib</file>
         <name>u_divt2.asm.obj</name>
      </input_file>
      <input_file id="fl-c9">
         <path>C:\ti\ccs1260\ccs\tools\compiler\ti-cgt-arm_20.2.7.LTS\lib\</path>
         <kind>archive</kind>
         <file>rtsv7M4_T_le_v4SPD16_eabi.lib</file>
         <name>copy_zero_init.c.obj</name>
      </input_file>
      <input_file id="fl-ca">
         <path>C:\ti\ccs1260\ccs\tools\compiler\ti-cgt-arm_20.2.7.LTS\lib\</path>
         <kind>archive</kind>
         <file>rtsv7M4_T_le_v4SPD16_eabi.lib</file>
         <name>copy_decompress_none.c.obj</name>
      </input_file>
      <input_file id="fl-cb">
         <path>C:\ti\ccs1260\ccs\tools\compiler\ti-cgt-arm_20.2.7.LTS\lib\</path>
         <kind>archive</kind>
         <file>rtsv7M4_T_le_v4SPD16_eabi.lib</file>
         <name>copy_decompress_lzss.c.obj</name>
      </input_file>
      <input_file id="fl-cc">
         <path>C:\ti\ccs1260\ccs\tools\compiler\ti-cgt-arm_20.2.7.LTS\lib\</path>
         <kind>archive</kind>
         <file>rtsv7M4_T_le_v4SPD16_eabi.lib</file>
         <name>boot_cortex_m.c.obj</name>
      </input_file>
      <input_file id="fl-cd">
         <path>C:\ti\ccs1260\ccs\tools\compiler\ti-cgt-arm_20.2.7.LTS\lib\</path>
         <kind>archive</kind>
         <file>rtsv7M4_T_le_v4SPD16_eabi.lib</file>
         <name>div0.asm.obj</name>
      </input_file>
      <input_file id="fl-ce">
         <path>C:\ti\ccs1260\ccs\tools\compiler\ti-cgt-arm_20.2.7.LTS\lib\</path>
         <kind>archive</kind>
         <file>rtsv7M4_T_le_v4SPD16_eabi.lib</file>
         <name>autoinit.c.obj</name>
      </input_file>
      <input_file id="fl-cf">
         <path>C:\ti\ccs1260\ccs\tools\compiler\ti-cgt-arm_20.2.7.LTS\lib\</path>
         <kind>archive</kind>
         <file>rtsv7M4_T_le_v4SPD16_eabi.lib</file>
         <name>pre_init.c.obj</name>
      </input_file>
      <input_file id="fl-d0">
         <path>C:\ti\ccs1260\ccs\tools\compiler\ti-cgt-arm_20.2.7.LTS\lib\</path>
         <kind>archive</kind>
         <file>rtsv7M4_T_le_v4SPD16_eabi.lib</file>
         <name>cpy_tbl.c.obj</name>
      </input_file>
      <input_file id="fl-d1">
         <path>C:\ti\ccs1260\ccs\tools\compiler\ti-cgt-arm_20.2.7.LTS\lib\</path>
         <kind>archive</kind>
         <file>rtsv7M4_T_le_v4SPD16_eabi.lib</file>
         <name>exit.c.obj</name>
      </input_file>
      <input_file id="fl-d2">
         <path>C:\ti\ccs1260\ccs\tools\compiler\ti-cgt-arm_20.2.7.LTS\lib\</path>
         <kind>archive</kind>
         <file>rtsv7M4_T_le_v4SPD16_eabi.lib</file>
         <name>_lock.c.obj</name>
      </input_file>
      <input_file id="fl-d3">
         <path>C:\ti\ccs1260\ccs\tools\compiler\ti-cgt-arm_20.2.7.LTS\lib\</path>
         <kind>archive</kind>
         <file>rtsv7M4_T_le_v4SPD16_eabi.lib</file>
         <name>args_main.c.obj</name>
      </input_file>
      <input_file id="fl-d4">
         <path>C:\ti\tivaware_c_series_2_1_4_178\driverlib\ccs\Debug\</path>
         <kind>archive</kind>
         <file>driverlib.lib</file>
         <name>gpio.obj</name>
      </input_file>
      <input_file id="fl-d5">
         <path>C:\ti\tivaware_c_series_2_1_4_178\driverlib\ccs\Debug\</path>
         <kind>archive</kind>
         <file>driverlib.lib</file>
         <name>i2c.obj</name>
      </input_file>
      <input_file id="fl-d6">
         <path>C:\ti\tivaware_c_series_2_1_4_178\driverlib\ccs\Debug\</path>
         <kind>archive</kind>
         <file>driverlib.lib</file>
         <name>interrupt.obj</name>
      </input_file>
      <input_file id="fl-d7">
         <path>C:\ti\tivaware_c_series_2_1_4_178\driverlib\ccs\Debug\</path>
         <kind>archive</kind>
         <file>driverlib.lib</file>
         <name>pwm.obj</name>
      </input_file>
      <input_file id="fl-d8">
         <path>C:\ti\tivaware_c_series_2_1_4_178\driverlib\ccs\Debug\</path>
         <kind>archive</kind>
         <file>driverlib.lib</file>
         <name>ssi.obj</name>
      </input_file>
      <input_file id="fl-d9">
         <path>C:\ti\tivaware_c_series_2_1_4_178\driverlib\ccs\Debug\</path>
         <kind>archive</kind>
         <file>driverlib.lib</file>
         <name>sysctl.obj</name>
      </input_file>
      <input_file id="fl-da">
         <path>C:\ti\tivaware_c_series_2_1_4_178\driverlib\ccs\Debug\</path>
         <kind>archive</kind>
         <file>driverlib.lib</file>
         <name>uart.obj</name>
      </input_file>
      <input_file id="fl-db">
         <path>C:\ti\tivaware_c_series_2_1_4_178\driverlib\ccs\Debug\</path>
         <kind>archive</kind>
         <file>driverlib.lib</file>
         <name>cpu.obj</name>
      </input_file>
   </input_file_list>
   <object_component_list>
      <object_component id="oc-12">
         <name>.intvecs</name>
         <load_address>0x0</load_address>
         <run_address>0x0</run_address>
         <size>0x26c</size>
         <input_file_ref idref="fl-3"/>
      </object_component>
      <object_component id="oc-33a">
         <name>.text:UARTvprintf</name>
         <load_address>0x26c</load_address>
         <run_address>0x26c</run_address>
         <size>0x30c</size>
         <input_file_ref idref="fl-a"/>
      </object_component>
      <object_component id="oc-fb">
         <name>.text:main</name>
         <load_address>0x578</load_address>
         <run_address>0x578</run_address>
         <size>0x1f4</size>
         <input_file_ref idref="fl-2"/>
      </object_component>
      <object_component id="oc-1f0">
         <name>.text:xQueueGenericReceive</name>
         <load_address>0x76c</load_address>
         <run_address>0x76c</run_address>
         <size>0x168</size>
         <input_file_ref idref="fl-5"/>
      </object_component>
      <object_component id="oc-1f6">
         <name>.text:xTaskGenericCreate</name>
         <load_address>0x8d4</load_address>
         <run_address>0x8d4</run_address>
         <size>0x134</size>
         <input_file_ref idref="fl-6"/>
      </object_component>
      <object_component id="oc-a7">
         <name>.text:xTaskIncrementTick</name>
         <load_address>0xa08</load_address>
         <run_address>0xa08</run_address>
         <size>0x134</size>
         <input_file_ref idref="fl-6"/>
      </object_component>
      <object_component id="oc-2dc">
         <name>.text:GPIOPadConfigSet</name>
         <load_address>0xb3c</load_address>
         <run_address>0xb3c</run_address>
         <size>0x132</size>
         <input_file_ref idref="fl-d4"/>
      </object_component>
      <object_component id="oc-33">
         <name>.text:FaultISR</name>
         <load_address>0xc6e</load_address>
         <run_address>0xc6e</run_address>
         <size>0x2</size>
         <input_file_ref idref="fl-3"/>
      </object_component>
      <object_component id="oc-ae">
         <name>.text:xQueueGenericSend</name>
         <load_address>0xc70</load_address>
         <run_address>0xc70</run_address>
         <size>0x128</size>
         <input_file_ref idref="fl-5"/>
      </object_component>
      <object_component id="oc-2bd">
         <name>.text:SysCtlClockGet</name>
         <load_address>0xd98</load_address>
         <run_address>0xd98</run_address>
         <size>0x110</size>
         <input_file_ref idref="fl-d9"/>
      </object_component>
      <object_component id="oc-347">
         <name>.text:pvPortMalloc</name>
         <load_address>0xea8</load_address>
         <run_address>0xea8</run_address>
         <size>0x108</size>
         <input_file_ref idref="fl-9"/>
      </object_component>
      <object_component id="oc-174">
         <name>.text:xTaskResumeAll</name>
         <load_address>0xfb0</load_address>
         <run_address>0xfb0</run_address>
         <size>0xf8</size>
         <input_file_ref idref="fl-6"/>
      </object_component>
      <object_component id="oc-205">
         <name>.text:Sequencer_thread</name>
         <load_address>0x10a8</load_address>
         <run_address>0x10a8</run_address>
         <size>0xd8</size>
         <input_file_ref idref="fl-2"/>
      </object_component>
      <object_component id="oc-3f">
         <name>.text</name>
         <load_address>0x1180</load_address>
         <run_address>0x1180</run_address>
         <size>0xd2</size>
         <input_file_ref idref="fl-8"/>
      </object_component>
      <object_component id="oc-39">
         <name>.text:IntDefaultHandler</name>
         <load_address>0x1252</load_address>
         <run_address>0x1252</run_address>
         <size>0x2</size>
         <input_file_ref idref="fl-3"/>
      </object_component>
      <object_component id="oc-366">
         <name>.text:vTaskPriorityInherit</name>
         <load_address>0x1254</load_address>
         <run_address>0x1254</run_address>
         <size>0xc8</size>
         <input_file_ref idref="fl-6"/>
      </object_component>
      <object_component id="oc-2c3">
         <name>.text:write_to_accelerometer</name>
         <load_address>0x131c</load_address>
         <run_address>0x131c</run_address>
         <size>0xc2</size>
         <input_file_ref idref="fl-2"/>
      </object_component>
      <object_component id="oc-2d">
         <name>.text:NmiSR</name>
         <load_address>0x13de</load_address>
         <run_address>0x13de</run_address>
         <size>0x2</size>
         <input_file_ref idref="fl-3"/>
      </object_component>
      <object_component id="oc-39f">
         <name>.text:vTaskDelete</name>
         <load_address>0x13e0</load_address>
         <run_address>0x13e0</run_address>
         <size>0xbc</size>
         <input_file_ref idref="fl-6"/>
      </object_component>
      <object_component id="oc-13e">
         <name>.text:prvCopyDataToQueue</name>
         <load_address>0x149c</load_address>
         <run_address>0x149c</run_address>
         <size>0xba</size>
         <input_file_ref idref="fl-5"/>
      </object_component>
      <object_component id="oc-4dc">
         <name>.text</name>
         <load_address>0x1556</load_address>
         <run_address>0x1556</run_address>
         <size>0x2</size>
         <input_file_ref idref="fl-cd"/>
      </object_component>
      <object_component id="oc-a0">
         <name>.text:vTaskSwitchContext</name>
         <load_address>0x1558</load_address>
         <run_address>0x1558</run_address>
         <size>0xb8</size>
         <input_file_ref idref="fl-6"/>
      </object_component>
      <object_component id="oc-207">
         <name>.text:service1</name>
         <load_address>0x1610</load_address>
         <run_address>0x1610</run_address>
         <size>0xa8</size>
         <input_file_ref idref="fl-2"/>
      </object_component>
      <object_component id="oc-279">
         <name>.text:xTaskPriorityDisinherit</name>
         <load_address>0x16b8</load_address>
         <run_address>0x16b8</run_address>
         <size>0xa4</size>
         <input_file_ref idref="fl-6"/>
      </object_component>
      <object_component id="oc-64">
         <name>.text</name>
         <load_address>0x175c</load_address>
         <run_address>0x175c</run_address>
         <size>0x9c</size>
         <input_file_ref idref="fl-c6"/>
      </object_component>
      <object_component id="oc-373">
         <name>.text:prvInitialiseTCBVariables</name>
         <load_address>0x17f8</load_address>
         <run_address>0x17f8</run_address>
         <size>0x98</size>
         <input_file_ref idref="fl-6"/>
      </object_component>
      <object_component id="oc-1c6">
         <name>.text:init_i2c0</name>
         <load_address>0x1890</load_address>
         <run_address>0x1890</run_address>
         <size>0x94</size>
         <input_file_ref idref="fl-2"/>
      </object_component>
      <object_component id="oc-144">
         <name>.text:xTaskRemoveFromEventList</name>
         <load_address>0x1924</load_address>
         <run_address>0x1924</run_address>
         <size>0x90</size>
         <input_file_ref idref="fl-6"/>
      </object_component>
      <object_component id="oc-15c">
         <name>.text:xTaskCheckForTimeOut</name>
         <load_address>0x19b4</load_address>
         <run_address>0x19b4</run_address>
         <size>0x84</size>
         <input_file_ref idref="fl-6"/>
      </object_component>
      <object_component id="oc-16e">
         <name>.text:prvUnlockQueue</name>
         <load_address>0x1a38</load_address>
         <run_address>0x1a38</run_address>
         <size>0x82</size>
         <input_file_ref idref="fl-5"/>
      </object_component>
      <object_component id="oc-1d8">
         <name>.text:heating_pwm_init</name>
         <load_address>0x1abc</load_address>
         <run_address>0x1abc</run_address>
         <size>0x7c</size>
         <input_file_ref idref="fl-2"/>
      </object_component>
      <object_component id="oc-209">
         <name>.text:service2</name>
         <load_address>0x1b38</load_address>
         <run_address>0x1b38</run_address>
         <size>0x7c</size>
         <input_file_ref idref="fl-2"/>
      </object_component>
      <object_component id="oc-ef">
         <name>.text</name>
         <load_address>0x1bb4</load_address>
         <run_address>0x1bb4</run_address>
         <size>0x7a</size>
         <input_file_ref idref="fl-c7"/>
      </object_component>
      <object_component id="oc-1de">
         <name>.text:seat_pwm_init</name>
         <load_address>0x1c30</load_address>
         <run_address>0x1c30</run_address>
         <size>0x78</size>
         <input_file_ref idref="fl-2"/>
      </object_component>
      <object_component id="oc-1ea">
         <name>.text:xQueueCreateMutex</name>
         <load_address>0x1ca8</load_address>
         <run_address>0x1ca8</run_address>
         <size>0x76</size>
         <input_file_ref idref="fl-5"/>
      </object_component>
      <object_component id="oc-1c0">
         <name>.text:ConfigureUART</name>
         <load_address>0x1d20</load_address>
         <run_address>0x1d20</run_address>
         <size>0x74</size>
         <input_file_ref idref="fl-2"/>
      </object_component>
      <object_component id="oc-2b0">
         <name>.text:UARTStdioConfig</name>
         <load_address>0x1d94</load_address>
         <run_address>0x1d94</run_address>
         <size>0x74</size>
         <input_file_ref idref="fl-a"/>
      </object_component>
      <object_component id="oc-37f">
         <name>.text:prvInitialiseTaskLists</name>
         <load_address>0x1e08</load_address>
         <run_address>0x1e08</run_address>
         <size>0x74</size>
         <input_file_ref idref="fl-6"/>
      </object_component>
      <object_component id="oc-20f">
         <name>.text:service3</name>
         <load_address>0x1e7c</load_address>
         <run_address>0x1e7c</run_address>
         <size>0x74</size>
         <input_file_ref idref="fl-2"/>
      </object_component>
      <object_component id="oc-1fc">
         <name>.text:vTaskStartScheduler</name>
         <load_address>0x1ef0</load_address>
         <run_address>0x1ef0</run_address>
         <size>0x70</size>
         <input_file_ref idref="fl-6"/>
      </object_component>
      <object_component id="oc-15">
         <name>.text:decompress:lzss:__TI_decompress_lzss</name>
         <load_address>0x1f60</load_address>
         <run_address>0x1f60</run_address>
         <size>0x68</size>
         <input_file_ref idref="fl-cb"/>
      </object_component>
      <object_component id="oc-477">
         <name>.text:prvCheckTasksWaitingTermination</name>
         <load_address>0x1fc8</load_address>
         <run_address>0x1fc8</run_address>
         <size>0x68</size>
         <input_file_ref idref="fl-6"/>
      </object_component>
      <object_component id="oc-1d2">
         <name>.text:tmp_sensor_init</name>
         <load_address>0x2030</load_address>
         <run_address>0x2030</run_address>
         <size>0x68</size>
         <input_file_ref idref="fl-2"/>
      </object_component>
      <object_component id="oc-451">
         <name>.text:vPortFree</name>
         <load_address>0x2098</load_address>
         <run_address>0x2098</run_address>
         <size>0x68</size>
         <input_file_ref idref="fl-9"/>
      </object_component>
      <object_component id="oc-168">
         <name>.text:vTaskPlaceOnEventList</name>
         <load_address>0x2100</load_address>
         <run_address>0x2100</run_address>
         <size>0x68</size>
         <input_file_ref idref="fl-6"/>
      </object_component>
      <object_component id="oc-289">
         <name>.text:vListInsert</name>
         <load_address>0x2168</load_address>
         <run_address>0x2168</run_address>
         <size>0x66</size>
         <input_file_ref idref="fl-4"/>
      </object_component>
      <object_component id="oc-36d">
         <name>.text:prvAllocateTCBAndStack</name>
         <load_address>0x21ce</load_address>
         <run_address>0x21ce</run_address>
         <size>0x5e</size>
         <input_file_ref idref="fl-6"/>
      </object_component>
      <object_component id="oc-42a">
         <name>.text:UARTwrite</name>
         <load_address>0x222c</load_address>
         <run_address>0x222c</run_address>
         <size>0x5c</size>
         <input_file_ref idref="fl-a"/>
      </object_component>
      <object_component id="oc-28f">
         <name>.text:prvAddCurrentTaskToDelayedList</name>
         <load_address>0x2288</load_address>
         <run_address>0x2288</run_address>
         <size>0x5c</size>
         <input_file_ref idref="fl-6"/>
      </object_component>
      <object_component id="oc-379">
         <name>.text:pxPortInitialiseStack</name>
         <load_address>0x22e4</load_address>
         <run_address>0x22e4</run_address>
         <size>0x5c</size>
         <input_file_ref idref="fl-7"/>
      </object_component>
      <object_component id="oc-399">
         <name>.text:read_from_accelerometer</name>
         <load_address>0x2340</load_address>
         <run_address>0x2340</run_address>
         <size>0x5a</size>
         <input_file_ref idref="fl-2"/>
      </object_component>
      <object_component id="oc-1cc">
         <name>.text:button_init</name>
         <load_address>0x239c</load_address>
         <run_address>0x239c</run_address>
         <size>0x58</size>
         <input_file_ref idref="fl-2"/>
      </object_component>
      <object_component id="oc-2e8">
         <name>.text:GPIOIntTypeSet</name>
         <load_address>0x23f4</load_address>
         <run_address>0x23f4</run_address>
         <size>0x56</size>
         <input_file_ref idref="fl-d4"/>
      </object_component>
      <object_component id="oc-43b">
         <name>.text:prvHeapInit</name>
         <load_address>0x244c</load_address>
         <run_address>0x244c</run_address>
         <size>0x50</size>
         <input_file_ref idref="fl-9"/>
      </object_component>
      <object_component id="oc-3a5">
         <name>.text:tmp_readdata</name>
         <load_address>0x249c</load_address>
         <run_address>0x249c</run_address>
         <size>0x4c</size>
         <input_file_ref idref="fl-2"/>
      </object_component>
      <object_component id="oc-2ef">
         <name>.text:GPIOPinConfigure</name>
         <load_address>0x24e8</load_address>
         <run_address>0x24e8</run_address>
         <size>0x48</size>
         <input_file_ref idref="fl-d4"/>
      </object_component>
      <object_component id="oc-128">
         <name>.text:uxListRemove</name>
         <load_address>0x2530</load_address>
         <run_address>0x2530</run_address>
         <size>0x48</size>
         <input_file_ref idref="fl-4"/>
      </object_component>
      <object_component id="oc-222">
         <name>.text:__TI_auto_init_nobinit_nopinit:__TI_auto_init_nobinit_nopinit</name>
         <load_address>0x2578</load_address>
         <run_address>0x2578</run_address>
         <size>0x44</size>
         <input_file_ref idref="fl-ce"/>
      </object_component>
      <object_component id="oc-386">
         <name>.text:xPortStartScheduler</name>
         <load_address>0x25bc</load_address>
         <run_address>0x25bc</run_address>
         <size>0x44</size>
         <input_file_ref idref="fl-7"/>
      </object_component>
      <object_component id="oc-4a">
         <name>.text:Timer0IntHandler</name>
         <load_address>0x2600</load_address>
         <run_address>0x2600</run_address>
         <size>0x40</size>
         <input_file_ref idref="fl-2"/>
      </object_component>
      <object_component id="oc-430">
         <name>.text</name>
         <load_address>0x2640</load_address>
         <run_address>0x2640</run_address>
         <size>0x40</size>
         <input_file_ref idref="fl-c8"/>
      </object_component>
      <object_component id="oc-2fb">
         <name>.text:SSIConfigSetExpClk</name>
         <load_address>0x2680</load_address>
         <run_address>0x2680</run_address>
         <size>0x3c</size>
         <input_file_ref idref="fl-d8"/>
      </object_component>
      <object_component id="oc-354">
         <name>.text:prvCopyDataFromQueue</name>
         <load_address>0x26bc</load_address>
         <run_address>0x26bc</run_address>
         <size>0x3c</size>
         <input_file_ref idref="fl-5"/>
      </object_component>
      <object_component id="oc-122">
         <name>.text:prvResetNextTaskUnblockTime</name>
         <load_address>0x26f8</load_address>
         <run_address>0x26f8</run_address>
         <size>0x3c</size>
         <input_file_ref idref="fl-6"/>
      </object_component>
      <object_component id="oc-12e">
         <name>.text:vListInsertEnd</name>
         <load_address>0x2734</load_address>
         <run_address>0x2734</run_address>
         <size>0x3c</size>
         <input_file_ref idref="fl-4"/>
      </object_component>
      <object_component id="oc-2ca">
         <name>.text:SysCtlPeripheralEnable</name>
         <load_address>0x2770</load_address>
         <run_address>0x2770</run_address>
         <size>0x34</size>
         <input_file_ref idref="fl-d9"/>
      </object_component>
      <object_component id="oc-82">
         <name>.text:_c_int00_noargs:_c_int00_noargs</name>
         <load_address>0x27a4</load_address>
         <run_address>0x27a4</run_address>
         <size>0x34</size>
         <input_file_ref idref="fl-cc"/>
      </object_component>
      <object_component id="oc-34d">
         <name>.text:vListInitialise</name>
         <load_address>0x27d8</load_address>
         <run_address>0x27d8</run_address>
         <size>0x30</size>
         <input_file_ref idref="fl-4"/>
      </object_component>
      <object_component id="oc-44">
         <name>.text:xPortSysTickHandler</name>
         <load_address>0x2808</load_address>
         <run_address>0x2808</run_address>
         <size>0x2c</size>
         <input_file_ref idref="fl-7"/>
      </object_component>
      <object_component id="oc-3ee">
         <name>.text:GPIODirModeSet</name>
         <load_address>0x2834</load_address>
         <run_address>0x2834</run_address>
         <size>0x2a</size>
         <input_file_ref idref="fl-d4"/>
      </object_component>
      <object_component id="oc-162">
         <name>.text:prvIsQueueFull</name>
         <load_address>0x285e</load_address>
         <run_address>0x285e</run_address>
         <size>0x26</size>
         <input_file_ref idref="fl-5"/>
      </object_component>
      <object_component id="oc-50">
         <name>.text:ButtonHandler</name>
         <load_address>0x2884</load_address>
         <run_address>0x2884</run_address>
         <size>0x24</size>
         <input_file_ref idref="fl-2"/>
      </object_component>
      <object_component id="oc-1e4">
         <name>.text:UARTprintf</name>
         <load_address>0x28a8</load_address>
         <run_address>0x28a8</run_address>
         <size>0x24</size>
         <input_file_ref idref="fl-a"/>
      </object_component>
      <object_component id="oc-138">
         <name>.text:vPortEnterCritical</name>
         <load_address>0x28cc</load_address>
         <run_address>0x28cc</run_address>
         <size>0x24</size>
         <input_file_ref idref="fl-7"/>
      </object_component>
      <object_component id="oc-150">
         <name>.text:vTaskSetTimeOutState</name>
         <load_address>0x28f0</load_address>
         <run_address>0x28f0</run_address>
         <size>0x24</size>
         <input_file_ref idref="fl-6"/>
      </object_component>
      <object_component id="oc-314">
         <name>.text:PWMGenConfigure</name>
         <load_address>0x2914</load_address>
         <run_address>0x2914</run_address>
         <size>0x22</size>
         <input_file_ref idref="fl-d7"/>
      </object_component>
      <object_component id="oc-360">
         <name>.text:prvIsQueueEmpty</name>
         <load_address>0x2936</load_address>
         <run_address>0x2936</run_address>
         <size>0x20</size>
         <input_file_ref idref="fl-5"/>
      </object_component>
      <object_component id="oc-326">
         <name>.text:PWMPulseWidthSet</name>
         <load_address>0x2956</load_address>
         <run_address>0x2956</run_address>
         <size>0x1e</size>
         <input_file_ref idref="fl-d7"/>
      </object_component>
      <object_component id="oc-35a">
         <name>.text:pvTaskIncrementMutexHeldCount</name>
         <load_address>0x2974</load_address>
         <run_address>0x2974</run_address>
         <size>0x1c</size>
         <input_file_ref idref="fl-6"/>
      </object_component>
      <object_component id="oc-14a">
         <name>.text:vPortExitCritical</name>
         <load_address>0x2990</load_address>
         <run_address>0x2990</run_address>
         <size>0x1c</size>
         <input_file_ref idref="fl-7"/>
      </object_component>
      <object_component id="oc-2d0">
         <name>.text:GPIOPinTypeGPIOOutput</name>
         <load_address>0x29ac</load_address>
         <run_address>0x29ac</run_address>
         <size>0x18</size>
         <input_file_ref idref="fl-d4"/>
      </object_component>
      <object_component id="oc-470">
         <name>.text:vPortSetupTimerInterrupt</name>
         <load_address>0x29c4</load_address>
         <run_address>0x29c4</run_address>
         <size>0x18</size>
         <input_file_ref idref="fl-7"/>
      </object_component>
      <object_component id="oc-308">
         <name>.text:SysCtlPWMClockSet</name>
         <load_address>0x29dc</load_address>
         <run_address>0x29dc</run_address>
         <size>0x14</size>
         <input_file_ref idref="fl-d9"/>
      </object_component>
      <object_component id="oc-500">
         <name>.text:prvDeleteTCB</name>
         <load_address>0x29f0</load_address>
         <run_address>0x29f0</run_address>
         <size>0x14</size>
         <input_file_ref idref="fl-6"/>
      </object_component>
      <object_component id="oc-393">
         <name>.text:xTaskGetTickCount</name>
         <load_address>0x2a04</load_address>
         <run_address>0x2a04</run_address>
         <size>0x14</size>
         <input_file_ref idref="fl-6"/>
      </object_component>
      <object_component id="oc-2d6">
         <name>.text:GPIOPinTypeGPIOInput</name>
         <load_address>0x2a18</load_address>
         <run_address>0x2a18</run_address>
         <size>0x12</size>
         <input_file_ref idref="fl-d4"/>
      </object_component>
      <object_component id="oc-2b7">
         <name>.text:GPIOPinTypeI2CSCL</name>
         <load_address>0x2a2a</load_address>
         <run_address>0x2a2a</run_address>
         <size>0x12</size>
         <input_file_ref idref="fl-d4"/>
      </object_component>
      <object_component id="oc-30e">
         <name>.text:GPIOPinTypePWM</name>
         <load_address>0x2a3c</load_address>
         <run_address>0x2a3c</run_address>
         <size>0x12</size>
         <input_file_ref idref="fl-d4"/>
      </object_component>
      <object_component id="oc-2f5">
         <name>.text:GPIOPinTypeSSI</name>
         <load_address>0x2a4e</load_address>
         <run_address>0x2a4e</run_address>
         <size>0x12</size>
         <input_file_ref idref="fl-d4"/>
      </object_component>
      <object_component id="oc-320">
         <name>.text:PWMGenPeriodGet</name>
         <load_address>0x2a60</load_address>
         <run_address>0x2a60</run_address>
         <size>0x12</size>
         <input_file_ref idref="fl-d7"/>
      </object_component>
      <object_component id="oc-3ab">
         <name>.text:PWMOutputInvert</name>
         <load_address>0x2a72</load_address>
         <run_address>0x2a72</run_address>
         <size>0x12</size>
         <input_file_ref idref="fl-d7"/>
      </object_component>
      <object_component id="oc-32c">
         <name>.text:PWMOutputState</name>
         <load_address>0x2a84</load_address>
         <run_address>0x2a84</run_address>
         <size>0x12</size>
         <input_file_ref idref="fl-d7"/>
      </object_component>
      <object_component id="oc-487">
         <name>.text:SSIDataGetNonBlocking</name>
         <load_address>0x2a96</load_address>
         <run_address>0x2a96</run_address>
         <size>0x12</size>
         <input_file_ref idref="fl-d8"/>
      </object_component>
      <object_component id="oc-31a">
         <name>.text:PWMGenPeriodSet</name>
         <load_address>0x2aa8</load_address>
         <run_address>0x2aa8</run_address>
         <size>0x10</size>
         <input_file_ref idref="fl-d7"/>
      </object_component>
      <object_component id="oc-45f">
         <name>.text:prvTaskExitError</name>
         <load_address>0x2ab8</load_address>
         <run_address>0x2ab8</run_address>
         <size>0x10</size>
         <input_file_ref idref="fl-7"/>
      </object_component>
      <object_component id="oc-458">
         <name>.text:vListInitialiseItem</name>
         <load_address>0x2ac8</load_address>
         <run_address>0x2ac8</run_address>
         <size>0x10</size>
         <input_file_ref idref="fl-4"/>
      </object_component>
      <object_component id="oc-156">
         <name>.text:vTaskSuspendAll</name>
         <load_address>0x2ad8</load_address>
         <run_address>0x2ad8</run_address>
         <size>0x10</size>
         <input_file_ref idref="fl-6"/>
      </object_component>
      <object_component id="oc-c1">
         <name>.text:GPIOIntDisable</name>
         <load_address>0x2ae8</load_address>
         <run_address>0x2ae8</run_address>
         <size>0xe</size>
         <input_file_ref idref="fl-d4"/>
      </object_component>
      <object_component id="oc-1b">
         <name>.text:decompress:none:__TI_decompress_none</name>
         <load_address>0x2af6</load_address>
         <run_address>0x2af6</run_address>
         <size>0xe</size>
         <input_file_ref idref="fl-ca"/>
      </object_component>
      <object_component id="oc-2e2">
         <name>.text:GPIOIntEnable</name>
         <load_address>0x2b04</load_address>
         <run_address>0x2b04</run_address>
         <size>0xc</size>
         <input_file_ref idref="fl-d4"/>
      </object_component>
      <object_component id="oc-332">
         <name>.text:PWMGenEnable</name>
         <load_address>0x2b10</load_address>
         <run_address>0x2b10</run_address>
         <size>0xc</size>
         <input_file_ref idref="fl-d7"/>
      </object_component>
      <object_component id="oc-493">
         <name>.text:SSIDataGet</name>
         <load_address>0x2b1c</load_address>
         <run_address>0x2b1c</run_address>
         <size>0xc</size>
         <input_file_ref idref="fl-d8"/>
      </object_component>
      <object_component id="oc-76">
         <name>.text:decompress:ZI:__TI_zero_init</name>
         <load_address>0x2b28</load_address>
         <run_address>0x2b28</run_address>
         <size>0xc</size>
         <input_file_ref idref="fl-c9"/>
      </object_component>
      <object_component id="oc-299">
         <name>.text:vTaskMissedYield</name>
         <load_address>0x2b34</load_address>
         <run_address>0x2b34</run_address>
         <size>0xc</size>
         <input_file_ref idref="fl-6"/>
      </object_component>
      <object_component id="oc-48d">
         <name>.text:SSIDataPut</name>
         <load_address>0x2b40</load_address>
         <run_address>0x2b40</run_address>
         <size>0xa</size>
         <input_file_ref idref="fl-d8"/>
      </object_component>
      <object_component id="oc-301">
         <name>.text:SSIEnable</name>
         <load_address>0x2b4a</load_address>
         <run_address>0x2b4a</run_address>
         <size>0xa</size>
         <input_file_ref idref="fl-d8"/>
      </object_component>
      <object_component id="oc-38c">
         <name>.text:prvIdleTask</name>
         <load_address>0x2b54</load_address>
         <run_address>0x2b54</run_address>
         <size>0xa</size>
         <input_file_ref idref="fl-6"/>
      </object_component>
      <object_component id="oc-118">
         <name>.text:vApplicationStackOverflowHook</name>
         <load_address>0x2b5e</load_address>
         <run_address>0x2b5e</run_address>
         <size>0xa</size>
         <input_file_ref idref="fl-2"/>
      </object_component>
      <object_component id="oc-40b">
         <name>.text:I2CMasterBusy</name>
         <load_address>0x2b68</load_address>
         <run_address>0x2b68</run_address>
         <size>0x8</size>
         <input_file_ref idref="fl-d5"/>
      </object_component>
      <object_component id="oc-3f9">
         <name>.text:I2CMasterSlaveAddrSet</name>
         <load_address>0x2b70</load_address>
         <run_address>0x2b70</run_address>
         <size>0x8</size>
         <input_file_ref idref="fl-d5"/>
      </object_component>
      <object_component id="oc-c7">
         <name>.text:GPIOPinWrite</name>
         <load_address>0x2b78</load_address>
         <run_address>0x2b78</run_address>
         <size>0x6</size>
         <input_file_ref idref="fl-d4"/>
      </object_component>
      <object_component id="oc-27">
         <name>.text:ResetISR</name>
         <load_address>0x2b7e</load_address>
         <run_address>0x2b7e</run_address>
         <size>0x6</size>
         <input_file_ref idref="fl-3"/>
      </object_component>
      <object_component id="oc-2aa">
         <name>.text:UARTClockSourceSet</name>
         <load_address>0x2b84</load_address>
         <run_address>0x2b84</run_address>
         <size>0x6</size>
         <input_file_ref idref="fl-da"/>
      </object_component>
      <object_component id="oc-405">
         <name>.text:I2CMasterControl</name>
         <load_address>0x2b8a</load_address>
         <run_address>0x2b8a</run_address>
         <size>0x4</size>
         <input_file_ref idref="fl-d5"/>
      </object_component>
      <object_component id="oc-47f">
         <name>.text:I2CMasterDataGet</name>
         <load_address>0x2b8e</load_address>
         <run_address>0x2b8e</run_address>
         <size>0x4</size>
         <input_file_ref idref="fl-d5"/>
      </object_component>
      <object_component id="oc-3ff">
         <name>.text:I2CMasterDataPut</name>
         <load_address>0x2b92</load_address>
         <run_address>0x2b92</run_address>
         <size>0x4</size>
         <input_file_ref idref="fl-d5"/>
      </object_component>
      <object_component id="oc-f5">
         <name>.text:_system_pre_init</name>
         <load_address>0x2b96</load_address>
         <run_address>0x2b96</run_address>
         <size>0x4</size>
         <input_file_ref idref="fl-cf"/>
      </object_component>
      <object_component id="oc-216">
         <name>.text:abort:abort</name>
         <load_address>0x2b9a</load_address>
         <run_address>0x2b9a</run_address>
         <size>0x4</size>
         <input_file_ref idref="fl-d1"/>
      </object_component>
      <object_component id="oc-419">
         <name>.const:g_pui32GPIOBaseAddrs</name>
         <load_address>0x2ba0</load_address>
         <run_address>0x2ba0</run_address>
         <size>0x90</size>
         <input_file_ref idref="fl-d4"/>
      </object_component>
      <object_component id="oc-3f5">
         <name>.const:g_pui32Xtals</name>
         <load_address>0x2c30</load_address>
         <run_address>0x2c30</run_address>
         <size>0x6c</size>
         <input_file_ref idref="fl-d9"/>
      </object_component>
      <object_component id="oc-4e2">
         <name>.const:.string</name>
         <load_address>0x2c9c</load_address>
         <run_address>0x2c9c</run_address>
         <size>0x12</size>
         <input_file_ref idref="fl-a"/>
      </object_component>
      <object_component id="oc-3ea">
         <name>.const:g_ui32UARTBase</name>
         <load_address>0x2cb0</load_address>
         <run_address>0x2cb0</run_address>
         <size>0xc</size>
         <input_file_ref idref="fl-a"/>
      </object_component>
      <object_component id="oc-3e1">
         <name>.const:g_ui32UARTPeriph</name>
         <load_address>0x2cbc</load_address>
         <run_address>0x2cbc</run_address>
         <size>0xc</size>
         <input_file_ref idref="fl-a"/>
      </object_component>
      <object_component id="oc-9d">
         <name>.const</name>
         <load_address>0x2cc8</load_address>
         <run_address>0x2cc8</run_address>
         <size>0x4</size>
         <input_file_ref idref="fl-7"/>
      </object_component>
      <object_component id="oc-435">
         <name>.const</name>
         <load_address>0x2ccc</load_address>
         <run_address>0x2ccc</run_address>
         <size>0x4</size>
         <input_file_ref idref="fl-a"/>
      </object_component>
      <object_component id="oc-54b">
         <name>.cinit..data.load</name>
         <load_address>0x2cd0</load_address>
         <run_address>0x2cd0</run_address>
         <size>0x1b</size>
      </object_component>
      <object_component id="oc-549">
         <name>__TI_handler_table</name>
         <load_address>0x2cec</load_address>
         <run_address>0x2cec</run_address>
         <size>0xc</size>
      </object_component>
      <object_component id="oc-54c">
         <name>.cinit..bss.load</name>
         <load_address>0x2cf8</load_address>
         <run_address>0x2cf8</run_address>
         <size>0x8</size>
      </object_component>
      <object_component id="oc-54a">
         <name>__TI_cinit_table</name>
         <load_address>0x2d00</load_address>
         <run_address>0x2d00</run_address>
         <size>0x10</size>
      </object_component>
      <object_component id="oc-b4">
         <name>.data</name>
         <load_address>0x20007930</load_address>
         <run_address>0x20007930</run_address>
         <size>0x20</size>
         <input_file_ref idref="fl-2"/>
      </object_component>
      <object_component id="oc-9a">
         <name>.data</name>
         <load_address>0x20007900</load_address>
         <run_address>0x20007900</run_address>
         <size>0x30</size>
         <input_file_ref idref="fl-6"/>
      </object_component>
      <object_component id="oc-275">
         <name>.data</name>
         <load_address>0x20007960</load_address>
         <run_address>0x20007960</run_address>
         <size>0x4</size>
         <input_file_ref idref="fl-7"/>
      </object_component>
      <object_component id="oc-441">
         <name>.data</name>
         <load_address>0x20007950</load_address>
         <run_address>0x20007950</run_address>
         <size>0x8</size>
         <input_file_ref idref="fl-9"/>
      </object_component>
      <object_component id="oc-3e4">
         <name>.data</name>
         <load_address>0x20007958</load_address>
         <run_address>0x20007958</run_address>
         <size>0x5</size>
         <input_file_ref idref="fl-a"/>
      </object_component>
      <object_component id="oc-11e">
         <name>.bss:pxReadyTasksLists</name>
         <uninitialized>true</uninitialized>
         <run_address>0x20007530</run_address>
         <size>0x140</size>
         <input_file_ref idref="fl-6"/>
      </object_component>
      <object_component id="oc-466">
         <name>.bss:xDelayedTaskList1</name>
         <uninitialized>true</uninitialized>
         <run_address>0x20007670</run_address>
         <size>0x14</size>
         <input_file_ref idref="fl-6"/>
      </object_component>
      <object_component id="oc-469">
         <name>.bss:xDelayedTaskList2</name>
         <uninitialized>true</uninitialized>
         <run_address>0x20007684</run_address>
         <size>0x14</size>
         <input_file_ref idref="fl-6"/>
      </object_component>
      <object_component id="oc-134">
         <name>.bss</name>
         <uninitialized>true</uninitialized>
         <run_address>0x200076d4</run_address>
         <size>0x8</size>
         <input_file_ref idref="fl-6"/>
      </object_component>
      <object_component id="oc-280">
         <name>.bss:xPendingReadyList</name>
         <uninitialized>true</uninitialized>
         <run_address>0x20007698</run_address>
         <size>0x14</size>
         <input_file_ref idref="fl-6"/>
      </object_component>
      <object_component id="oc-46c">
         <name>.bss:xTasksWaitingTermination</name>
         <uninitialized>true</uninitialized>
         <run_address>0x200076c0</run_address>
         <size>0x14</size>
         <input_file_ref idref="fl-6"/>
      </object_component>
      <object_component id="oc-295">
         <name>.bss:xSuspendedTaskList</name>
         <uninitialized>true</uninitialized>
         <run_address>0x200076ac</run_address>
         <size>0x14</size>
         <input_file_ref idref="fl-6"/>
      </object_component>
      <object_component id="oc-4e5">
         <name>.bss:ucHeap</name>
         <uninitialized>true</uninitialized>
         <run_address>0x20000000</run_address>
         <size>0x7530</size>
         <input_file_ref idref="fl-9"/>
      </object_component>
      <object_component id="oc-444">
         <name>.bss:xStart</name>
         <uninitialized>true</uninitialized>
         <run_address>0x200076e4</run_address>
         <size>0x8</size>
         <input_file_ref idref="fl-9"/>
      </object_component>
      <object_component id="oc-447">
         <name>.bss:xEnd</name>
         <uninitialized>true</uninitialized>
         <run_address>0x200076dc</run_address>
         <size>0x8</size>
         <input_file_ref idref="fl-9"/>
      </object_component>
      <object_component id="oc-bd">
         <name>.common:semSched</name>
         <uninitialized>true</uninitialized>
         <run_address>0x200076f8</run_address>
         <size>0x4</size>
      </object_component>
      <object_component id="oc-202">
         <name>.common:semS1</name>
         <uninitialized>true</uninitialized>
         <run_address>0x200076ec</run_address>
         <size>0x4</size>
      </object_component>
      <object_component id="oc-203">
         <name>.common:semS2</name>
         <uninitialized>true</uninitialized>
         <run_address>0x200076f0</run_address>
         <size>0x4</size>
      </object_component>
      <object_component id="oc-204">
         <name>.common:semS3</name>
         <uninitialized>true</uninitialized>
         <run_address>0x200076f4</run_address>
         <size>0x4</size>
      </object_component>
      <object_component id="oc-24">
         <name>.stack</name>
         <uninitialized>true</uninitialized>
         <run_address>0x20007700</run_address>
         <size>0x4</size>
         <input_file_ref idref="fl-cc"/>
      </object_component>
      <object_component id="oc-54e">
         <name>.stack</name>
         <uninitialized>true</uninitialized>
         <run_address>0x20007700</run_address>
         <size>0x0</size>
      </object_component>
      <object_component id="oc-be">
         <name>.debug_info</name>
         <load_address>0x0</load_address>
         <run_address>0x0</run_address>
         <size>0xcac</size>
         <input_file_ref idref="fl-2"/>
      </object_component>
      <object_component id="oc-b5">
         <name>.debug_info</name>
         <load_address>0xcac</load_address>
         <run_address>0xcac</run_address>
         <size>0x163</size>
         <input_file_ref idref="fl-2"/>
      </object_component>
      <object_component id="oc-119">
         <name>.debug_info</name>
         <load_address>0xe0f</load_address>
         <run_address>0xe0f</run_address>
         <size>0x19c</size>
         <input_file_ref idref="fl-2"/>
      </object_component>
      <object_component id="oc-1cd">
         <name>.debug_info</name>
         <load_address>0xfab</load_address>
         <run_address>0xfab</run_address>
         <size>0x1ba</size>
         <input_file_ref idref="fl-2"/>
      </object_component>
      <object_component id="oc-1c7">
         <name>.debug_info</name>
         <load_address>0x1165</load_address>
         <run_address>0x1165</run_address>
         <size>0x188</size>
         <input_file_ref idref="fl-2"/>
      </object_component>
      <object_component id="oc-2c4">
         <name>.debug_info</name>
         <load_address>0x12ed</load_address>
         <run_address>0x12ed</run_address>
         <size>0x2ae</size>
         <input_file_ref idref="fl-2"/>
      </object_component>
      <object_component id="oc-39a">
         <name>.debug_info</name>
         <load_address>0x159b</load_address>
         <run_address>0x159b</run_address>
         <size>0x285</size>
         <input_file_ref idref="fl-2"/>
      </object_component>
      <object_component id="oc-4b">
         <name>.debug_info</name>
         <load_address>0x1820</load_address>
         <run_address>0x1820</run_address>
         <size>0x15c</size>
         <input_file_ref idref="fl-2"/>
      </object_component>
      <object_component id="oc-51">
         <name>.debug_info</name>
         <load_address>0x197c</load_address>
         <run_address>0x197c</run_address>
         <size>0x144</size>
         <input_file_ref idref="fl-2"/>
      </object_component>
      <object_component id="oc-1c1">
         <name>.debug_info</name>
         <load_address>0x1ac0</load_address>
         <run_address>0x1ac0</run_address>
         <size>0x16e</size>
         <input_file_ref idref="fl-2"/>
      </object_component>
      <object_component id="oc-1d3">
         <name>.debug_info</name>
         <load_address>0x1c2e</load_address>
         <run_address>0x1c2e</run_address>
         <size>0x209</size>
         <input_file_ref idref="fl-2"/>
      </object_component>
      <object_component id="oc-3a7">
         <name>.debug_info</name>
         <load_address>0x1e37</load_address>
         <run_address>0x1e37</run_address>
         <size>0x190</size>
         <input_file_ref idref="fl-2"/>
      </object_component>
      <object_component id="oc-1d9">
         <name>.debug_info</name>
         <load_address>0x1fc7</load_address>
         <run_address>0x1fc7</run_address>
         <size>0x221</size>
         <input_file_ref idref="fl-2"/>
      </object_component>
      <object_component id="oc-1e0">
         <name>.debug_info</name>
         <load_address>0x21e8</load_address>
         <run_address>0x21e8</run_address>
         <size>0x21c</size>
         <input_file_ref idref="fl-2"/>
      </object_component>
      <object_component id="oc-ba">
         <name>.debug_info</name>
         <load_address>0x2404</load_address>
         <run_address>0x2404</run_address>
         <size>0x1f4</size>
         <input_file_ref idref="fl-2"/>
      </object_component>
      <object_component id="oc-b7">
         <name>.debug_info</name>
         <load_address>0x25f8</load_address>
         <run_address>0x25f8</run_address>
         <size>0x2c9</size>
         <input_file_ref idref="fl-2"/>
      </object_component>
      <object_component id="oc-20a">
         <name>.debug_info</name>
         <load_address>0x28c1</load_address>
         <run_address>0x28c1</run_address>
         <size>0x20a</size>
         <input_file_ref idref="fl-2"/>
      </object_component>
      <object_component id="oc-210">
         <name>.debug_info</name>
         <load_address>0x2acb</load_address>
         <run_address>0x2acb</run_address>
         <size>0x21d</size>
         <input_file_ref idref="fl-2"/>
      </object_component>
      <object_component id="oc-fc">
         <name>.debug_info</name>
         <load_address>0x2ce8</load_address>
         <run_address>0x2ce8</run_address>
         <size>0x2fd</size>
         <input_file_ref idref="fl-2"/>
      </object_component>
      <object_component id="oc-182">
         <name>.debug_info</name>
         <load_address>0x2fe5</load_address>
         <run_address>0x2fe5</run_address>
         <size>0x2ef</size>
         <input_file_ref idref="fl-2"/>
      </object_component>
      <object_component id="oc-d0">
         <name>.debug_info</name>
         <load_address>0x32d4</load_address>
         <run_address>0x32d4</run_address>
         <size>0x26b</size>
         <input_file_ref idref="fl-2"/>
      </object_component>
      <object_component id="oc-18f">
         <name>.debug_info</name>
         <load_address>0x353f</load_address>
         <run_address>0x353f</run_address>
         <size>0x8b</size>
         <input_file_ref idref="fl-2"/>
      </object_component>
      <object_component id="oc-17b">
         <name>.debug_info</name>
         <load_address>0x35ca</load_address>
         <run_address>0x35ca</run_address>
         <size>0x46</size>
         <input_file_ref idref="fl-2"/>
      </object_component>
      <object_component id="oc-199">
         <name>.debug_info</name>
         <load_address>0x3610</load_address>
         <run_address>0x3610</run_address>
         <size>0x2c</size>
         <input_file_ref idref="fl-2"/>
      </object_component>
      <object_component id="oc-19e">
         <name>.debug_info</name>
         <load_address>0x363c</load_address>
         <run_address>0x363c</run_address>
         <size>0x2c</size>
         <input_file_ref idref="fl-2"/>
      </object_component>
      <object_component id="oc-1ab">
         <name>.debug_info</name>
         <load_address>0x3668</load_address>
         <run_address>0x3668</run_address>
         <size>0x2a4</size>
         <input_file_ref idref="fl-2"/>
      </object_component>
      <object_component id="oc-d5">
         <name>.debug_info</name>
         <load_address>0x390c</load_address>
         <run_address>0x390c</run_address>
         <size>0xbb</size>
         <input_file_ref idref="fl-2"/>
      </object_component>
      <object_component id="oc-110">
         <name>.debug_info</name>
         <load_address>0x39c7</load_address>
         <run_address>0x39c7</run_address>
         <size>0x53</size>
         <input_file_ref idref="fl-2"/>
      </object_component>
      <object_component id="oc-342">
         <name>.debug_info</name>
         <load_address>0x3a1a</load_address>
         <run_address>0x3a1a</run_address>
         <size>0x2c</size>
         <input_file_ref idref="fl-2"/>
      </object_component>
      <object_component id="oc-194">
         <name>.debug_info</name>
         <load_address>0x3a46</load_address>
         <run_address>0x3a46</run_address>
         <size>0x14c</size>
         <input_file_ref idref="fl-2"/>
      </object_component>
      <object_component id="oc-58">
         <name>.debug_info</name>
         <load_address>0x3b92</load_address>
         <run_address>0x3b92</run_address>
         <size>0x382</size>
         <input_file_ref idref="fl-3"/>
      </object_component>
      <object_component id="oc-13">
         <name>.debug_info</name>
         <load_address>0x3f14</load_address>
         <run_address>0x3f14</run_address>
         <size>0xf7</size>
         <input_file_ref idref="fl-3"/>
      </object_component>
      <object_component id="oc-2a">
         <name>.debug_info</name>
         <load_address>0x400b</load_address>
         <run_address>0x400b</run_address>
         <size>0x127</size>
         <input_file_ref idref="fl-3"/>
      </object_component>
      <object_component id="oc-31">
         <name>.debug_info</name>
         <load_address>0x4132</load_address>
         <run_address>0x4132</run_address>
         <size>0x118</size>
         <input_file_ref idref="fl-3"/>
      </object_component>
      <object_component id="oc-36">
         <name>.debug_info</name>
         <load_address>0x424a</load_address>
         <run_address>0x424a</run_address>
         <size>0x11e</size>
         <input_file_ref idref="fl-3"/>
      </object_component>
      <object_component id="oc-3a">
         <name>.debug_info</name>
         <load_address>0x4368</load_address>
         <run_address>0x4368</run_address>
         <size>0x130</size>
         <input_file_ref idref="fl-3"/>
      </object_component>
      <object_component id="oc-5f">
         <name>.debug_info</name>
         <load_address>0x4498</load_address>
         <run_address>0x4498</run_address>
         <size>0x84</size>
         <input_file_ref idref="fl-3"/>
      </object_component>
      <object_component id="oc-271">
         <name>.debug_info</name>
         <load_address>0x451c</load_address>
         <run_address>0x451c</run_address>
         <size>0x315</size>
         <input_file_ref idref="fl-4"/>
      </object_component>
      <object_component id="oc-34e">
         <name>.debug_info</name>
         <load_address>0x4831</load_address>
         <run_address>0x4831</run_address>
         <size>0x1fc</size>
         <input_file_ref idref="fl-4"/>
      </object_component>
      <object_component id="oc-459">
         <name>.debug_info</name>
         <load_address>0x4a2d</load_address>
         <run_address>0x4a2d</run_address>
         <size>0x204</size>
         <input_file_ref idref="fl-4"/>
      </object_component>
      <object_component id="oc-12f">
         <name>.debug_info</name>
         <load_address>0x4c31</load_address>
         <run_address>0x4c31</run_address>
         <size>0x259</size>
         <input_file_ref idref="fl-4"/>
      </object_component>
      <object_component id="oc-28a">
         <name>.debug_info</name>
         <load_address>0x4e8a</load_address>
         <run_address>0x4e8a</run_address>
         <size>0x285</size>
         <input_file_ref idref="fl-4"/>
      </object_component>
      <object_component id="oc-129">
         <name>.debug_info</name>
         <load_address>0x510f</load_address>
         <run_address>0x510f</run_address>
         <size>0x230</size>
         <input_file_ref idref="fl-4"/>
      </object_component>
      <object_component id="oc-256">
         <name>.debug_info</name>
         <load_address>0x533f</load_address>
         <run_address>0x533f</run_address>
         <size>0x110</size>
         <input_file_ref idref="fl-4"/>
      </object_component>
      <object_component id="oc-180">
         <name>.debug_info</name>
         <load_address>0x544f</load_address>
         <run_address>0x544f</run_address>
         <size>0x766</size>
         <input_file_ref idref="fl-5"/>
      </object_component>
      <object_component id="oc-1eb">
         <name>.debug_info</name>
         <load_address>0x5bb5</load_address>
         <run_address>0x5bb5</run_address>
         <size>0x293</size>
         <input_file_ref idref="fl-5"/>
      </object_component>
      <object_component id="oc-af">
         <name>.debug_info</name>
         <load_address>0x5e48</load_address>
         <run_address>0x5e48</run_address>
         <size>0x51c</size>
         <input_file_ref idref="fl-5"/>
      </object_component>
      <object_component id="oc-1f1">
         <name>.debug_info</name>
         <load_address>0x6364</load_address>
         <run_address>0x6364</run_address>
         <size>0x5ac</size>
         <input_file_ref idref="fl-5"/>
      </object_component>
      <object_component id="oc-140">
         <name>.debug_info</name>
         <load_address>0x6910</load_address>
         <run_address>0x6910</run_address>
         <size>0x2dd</size>
         <input_file_ref idref="fl-5"/>
      </object_component>
      <object_component id="oc-356">
         <name>.debug_info</name>
         <load_address>0x6bed</load_address>
         <run_address>0x6bed</run_address>
         <size>0x24f</size>
         <input_file_ref idref="fl-5"/>
      </object_component>
      <object_component id="oc-171">
         <name>.debug_info</name>
         <load_address>0x6e3c</load_address>
         <run_address>0x6e3c</run_address>
         <size>0x2d1</size>
         <input_file_ref idref="fl-5"/>
      </object_component>
      <object_component id="oc-363">
         <name>.debug_info</name>
         <load_address>0x710d</load_address>
         <run_address>0x710d</run_address>
         <size>0x252</size>
         <input_file_ref idref="fl-5"/>
      </object_component>
      <object_component id="oc-165">
         <name>.debug_info</name>
         <load_address>0x735f</load_address>
         <run_address>0x735f</run_address>
         <size>0x250</size>
         <input_file_ref idref="fl-5"/>
      </object_component>
      <object_component id="oc-2a3">
         <name>.debug_info</name>
         <load_address>0x75af</load_address>
         <run_address>0x75af</run_address>
         <size>0x1cd</size>
         <input_file_ref idref="fl-5"/>
      </object_component>
      <object_component id="oc-265">
         <name>.debug_info</name>
         <load_address>0x777c</load_address>
         <run_address>0x777c</run_address>
         <size>0x35</size>
         <input_file_ref idref="fl-5"/>
      </object_component>
      <object_component id="oc-10f">
         <name>.debug_info</name>
         <load_address>0x77b1</load_address>
         <run_address>0x77b1</run_address>
         <size>0x74e</size>
         <input_file_ref idref="fl-6"/>
      </object_component>
      <object_component id="oc-9b">
         <name>.debug_info</name>
         <load_address>0x7eff</load_address>
         <run_address>0x7eff</run_address>
         <size>0x339</size>
         <input_file_ref idref="fl-6"/>
      </object_component>
      <object_component id="oc-11f">
         <name>.debug_info</name>
         <load_address>0x8238</load_address>
         <run_address>0x8238</run_address>
         <size>0x135</size>
         <input_file_ref idref="fl-6"/>
      </object_component>
      <object_component id="oc-467">
         <name>.debug_info</name>
         <load_address>0x836d</load_address>
         <run_address>0x836d</run_address>
         <size>0x135</size>
         <input_file_ref idref="fl-6"/>
      </object_component>
      <object_component id="oc-46a">
         <name>.debug_info</name>
         <load_address>0x84a2</load_address>
         <run_address>0x84a2</run_address>
         <size>0x135</size>
         <input_file_ref idref="fl-6"/>
      </object_component>
      <object_component id="oc-135">
         <name>.debug_info</name>
         <load_address>0x85d7</load_address>
         <run_address>0x85d7</run_address>
         <size>0x177</size>
         <input_file_ref idref="fl-6"/>
      </object_component>
      <object_component id="oc-281">
         <name>.debug_info</name>
         <load_address>0x874e</load_address>
         <run_address>0x874e</run_address>
         <size>0x135</size>
         <input_file_ref idref="fl-6"/>
      </object_component>
      <object_component id="oc-46d">
         <name>.debug_info</name>
         <load_address>0x8883</load_address>
         <run_address>0x8883</run_address>
         <size>0x143</size>
         <input_file_ref idref="fl-6"/>
      </object_component>
      <object_component id="oc-296">
         <name>.debug_info</name>
         <load_address>0x89c6</load_address>
         <run_address>0x89c6</run_address>
         <size>0x137</size>
         <input_file_ref idref="fl-6"/>
      </object_component>
      <object_component id="oc-1f8">
         <name>.debug_info</name>
         <load_address>0x8afd</load_address>
         <run_address>0x8afd</run_address>
         <size>0x45f</size>
         <input_file_ref idref="fl-6"/>
      </object_component>
      <object_component id="oc-3a1">
         <name>.debug_info</name>
         <load_address>0x8f5c</load_address>
         <run_address>0x8f5c</run_address>
         <size>0x2e9</size>
         <input_file_ref idref="fl-6"/>
      </object_component>
      <object_component id="oc-1fe">
         <name>.debug_info</name>
         <load_address>0x9245</load_address>
         <run_address>0x9245</run_address>
         <size>0x22a</size>
         <input_file_ref idref="fl-6"/>
      </object_component>
      <object_component id="oc-158">
         <name>.debug_info</name>
         <load_address>0x946f</load_address>
         <run_address>0x946f</run_address>
         <size>0x1d7</size>
         <input_file_ref idref="fl-6"/>
      </object_component>
      <object_component id="oc-176">
         <name>.debug_info</name>
         <load_address>0x9646</load_address>
         <run_address>0x9646</run_address>
         <size>0x29a</size>
         <input_file_ref idref="fl-6"/>
      </object_component>
      <object_component id="oc-395">
         <name>.debug_info</name>
         <load_address>0x98e0</load_address>
         <run_address>0x98e0</run_address>
         <size>0x1f5</size>
         <input_file_ref idref="fl-6"/>
      </object_component>
      <object_component id="oc-a9">
         <name>.debug_info</name>
         <load_address>0x9ad5</load_address>
         <run_address>0x9ad5</run_address>
         <size>0x30e</size>
         <input_file_ref idref="fl-6"/>
      </object_component>
      <object_component id="oc-a2">
         <name>.debug_info</name>
         <load_address>0x9de3</load_address>
         <run_address>0x9de3</run_address>
         <size>0x2b9</size>
         <input_file_ref idref="fl-6"/>
      </object_component>
      <object_component id="oc-16a">
         <name>.debug_info</name>
         <load_address>0xa09c</load_address>
         <run_address>0xa09c</run_address>
         <size>0x2e4</size>
         <input_file_ref idref="fl-6"/>
      </object_component>
      <object_component id="oc-146">
         <name>.debug_info</name>
         <load_address>0xa380</load_address>
         <run_address>0xa380</run_address>
         <size>0x2ba</size>
         <input_file_ref idref="fl-6"/>
      </object_component>
      <object_component id="oc-152">
         <name>.debug_info</name>
         <load_address>0xa63a</load_address>
         <run_address>0xa63a</run_address>
         <size>0x218</size>
         <input_file_ref idref="fl-6"/>
      </object_component>
      <object_component id="oc-15e">
         <name>.debug_info</name>
         <load_address>0xa852</load_address>
         <run_address>0xa852</run_address>
         <size>0x2fd</size>
         <input_file_ref idref="fl-6"/>
      </object_component>
      <object_component id="oc-29b">
         <name>.debug_info</name>
         <load_address>0xab4f</load_address>
         <run_address>0xab4f</run_address>
         <size>0x1d9</size>
         <input_file_ref idref="fl-6"/>
      </object_component>
      <object_component id="oc-38e">
         <name>.debug_info</name>
         <load_address>0xad28</load_address>
         <run_address>0xad28</run_address>
         <size>0x231</size>
         <input_file_ref idref="fl-6"/>
      </object_component>
      <object_component id="oc-375">
         <name>.debug_info</name>
         <load_address>0xaf59</load_address>
         <run_address>0xaf59</run_address>
         <size>0x30c</size>
         <input_file_ref idref="fl-6"/>
      </object_component>
      <object_component id="oc-381">
         <name>.debug_info</name>
         <load_address>0xb265</load_address>
         <run_address>0xb265</run_address>
         <size>0x286</size>
         <input_file_ref idref="fl-6"/>
      </object_component>
      <object_component id="oc-479">
         <name>.debug_info</name>
         <load_address>0xb4eb</load_address>
         <run_address>0xb4eb</run_address>
         <size>0x2d8</size>
         <input_file_ref idref="fl-6"/>
      </object_component>
      <object_component id="oc-291">
         <name>.debug_info</name>
         <load_address>0xb7c3</load_address>
         <run_address>0xb7c3</run_address>
         <size>0x257</size>
         <input_file_ref idref="fl-6"/>
      </object_component>
      <object_component id="oc-36f">
         <name>.debug_info</name>
         <load_address>0xba1a</load_address>
         <run_address>0xba1a</run_address>
         <size>0x2f9</size>
         <input_file_ref idref="fl-6"/>
      </object_component>
      <object_component id="oc-502">
         <name>.debug_info</name>
         <load_address>0xbd13</load_address>
         <run_address>0xbd13</run_address>
         <size>0x217</size>
         <input_file_ref idref="fl-6"/>
      </object_component>
      <object_component id="oc-124">
         <name>.debug_info</name>
         <load_address>0xbf2a</load_address>
         <run_address>0xbf2a</run_address>
         <size>0x202</size>
         <input_file_ref idref="fl-6"/>
      </object_component>
      <object_component id="oc-368">
         <name>.debug_info</name>
         <load_address>0xc12c</load_address>
         <run_address>0xc12c</run_address>
         <size>0x264</size>
         <input_file_ref idref="fl-6"/>
      </object_component>
      <object_component id="oc-27b">
         <name>.debug_info</name>
         <load_address>0xc390</load_address>
         <run_address>0xc390</run_address>
         <size>0x286</size>
         <input_file_ref idref="fl-6"/>
      </object_component>
      <object_component id="oc-35c">
         <name>.debug_info</name>
         <load_address>0xc616</load_address>
         <run_address>0xc616</run_address>
         <size>0x1f7</size>
         <input_file_ref idref="fl-6"/>
      </object_component>
      <object_component id="oc-25b">
         <name>.debug_info</name>
         <load_address>0xc80d</load_address>
         <run_address>0xc80d</run_address>
         <size>0x169</size>
         <input_file_ref idref="fl-6"/>
      </object_component>
      <object_component id="oc-260">
         <name>.debug_info</name>
         <load_address>0xc976</load_address>
         <run_address>0xc976</run_address>
         <size>0x46</size>
         <input_file_ref idref="fl-6"/>
      </object_component>
      <object_component id="oc-117">
         <name>.debug_info</name>
         <load_address>0xc9bc</load_address>
         <run_address>0xc9bc</run_address>
         <size>0x3aa</size>
         <input_file_ref idref="fl-7"/>
      </object_component>
      <object_component id="oc-9e">
         <name>.debug_info</name>
         <load_address>0xcd66</load_address>
         <run_address>0xcd66</run_address>
         <size>0x163</size>
         <input_file_ref idref="fl-7"/>
      </object_component>
      <object_component id="oc-276">
         <name>.debug_info</name>
         <load_address>0xcec9</load_address>
         <run_address>0xcec9</run_address>
         <size>0x14a</size>
         <input_file_ref idref="fl-7"/>
      </object_component>
      <object_component id="oc-37a">
         <name>.debug_info</name>
         <load_address>0xd013</load_address>
         <run_address>0xd013</run_address>
         <size>0x2d4</size>
         <input_file_ref idref="fl-7"/>
      </object_component>
      <object_component id="oc-461">
         <name>.debug_info</name>
         <load_address>0xd2e7</load_address>
         <run_address>0xd2e7</run_address>
         <size>0x20a</size>
         <input_file_ref idref="fl-7"/>
      </object_component>
      <object_component id="oc-387">
         <name>.debug_info</name>
         <load_address>0xd4f1</load_address>
         <run_address>0xd4f1</run_address>
         <size>0x270</size>
         <input_file_ref idref="fl-7"/>
      </object_component>
      <object_component id="oc-139">
         <name>.debug_info</name>
         <load_address>0xd761</load_address>
         <run_address>0xd761</run_address>
         <size>0x21c</size>
         <input_file_ref idref="fl-7"/>
      </object_component>
      <object_component id="oc-14b">
         <name>.debug_info</name>
         <load_address>0xd97d</load_address>
         <run_address>0xd97d</run_address>
         <size>0x21a</size>
         <input_file_ref idref="fl-7"/>
      </object_component>
      <object_component id="oc-45">
         <name>.debug_info</name>
         <load_address>0xdb97</load_address>
         <run_address>0xdb97</run_address>
         <size>0x237</size>
         <input_file_ref idref="fl-7"/>
      </object_component>
      <object_component id="oc-471">
         <name>.debug_info</name>
         <load_address>0xddce</load_address>
         <run_address>0xddce</run_address>
         <size>0x228</size>
         <input_file_ref idref="fl-7"/>
      </object_component>
      <object_component id="oc-41">
         <name>.debug_info</name>
         <load_address>0xdff6</load_address>
         <run_address>0xdff6</run_address>
         <size>0x298</size>
         <input_file_ref idref="fl-8"/>
      </object_component>
      <object_component id="oc-44b">
         <name>.debug_info</name>
         <load_address>0xe28e</load_address>
         <run_address>0xe28e</run_address>
         <size>0x3b9</size>
         <input_file_ref idref="fl-9"/>
      </object_component>
      <object_component id="oc-4e6">
         <name>.debug_info</name>
         <load_address>0xe647</load_address>
         <run_address>0xe647</run_address>
         <size>0x131</size>
         <input_file_ref idref="fl-9"/>
      </object_component>
      <object_component id="oc-445">
         <name>.debug_info</name>
         <load_address>0xe778</load_address>
         <run_address>0xe778</run_address>
         <size>0x131</size>
         <input_file_ref idref="fl-9"/>
      </object_component>
      <object_component id="oc-448">
         <name>.debug_info</name>
         <load_address>0xe8a9</load_address>
         <run_address>0xe8a9</run_address>
         <size>0x12d</size>
         <input_file_ref idref="fl-9"/>
      </object_component>
      <object_component id="oc-442">
         <name>.debug_info</name>
         <load_address>0xe9d6</load_address>
         <run_address>0xe9d6</run_address>
         <size>0x14b</size>
         <input_file_ref idref="fl-9"/>
      </object_component>
      <object_component id="oc-348">
         <name>.debug_info</name>
         <load_address>0xeb21</load_address>
         <run_address>0xeb21</run_address>
         <size>0x3c3</size>
         <input_file_ref idref="fl-9"/>
      </object_component>
      <object_component id="oc-454">
         <name>.debug_info</name>
         <load_address>0xeee4</load_address>
         <run_address>0xeee4</run_address>
         <size>0x2d1</size>
         <input_file_ref idref="fl-9"/>
      </object_component>
      <object_component id="oc-43e">
         <name>.debug_info</name>
         <load_address>0xf1b5</load_address>
         <run_address>0xf1b5</run_address>
         <size>0x254</size>
         <input_file_ref idref="fl-9"/>
      </object_component>
      <object_component id="oc-4ed">
         <name>.debug_info</name>
         <load_address>0xf409</load_address>
         <run_address>0xf409</run_address>
         <size>0x62</size>
         <input_file_ref idref="fl-9"/>
      </object_component>
      <object_component id="oc-341">
         <name>.debug_info</name>
         <load_address>0xf46b</load_address>
         <run_address>0xf46b</run_address>
         <size>0x2d4</size>
         <input_file_ref idref="fl-a"/>
      </object_component>
      <object_component id="oc-3e8">
         <name>.debug_info</name>
         <load_address>0xf73f</load_address>
         <run_address>0xf73f</run_address>
         <size>0x115</size>
         <input_file_ref idref="fl-a"/>
      </object_component>
      <object_component id="oc-436">
         <name>.debug_info</name>
         <load_address>0xf854</load_address>
         <run_address>0xf854</run_address>
         <size>0x10f</size>
         <input_file_ref idref="fl-a"/>
      </object_component>
      <object_component id="oc-3eb">
         <name>.debug_info</name>
         <load_address>0xf963</load_address>
         <run_address>0xf963</run_address>
         <size>0x11d</size>
         <input_file_ref idref="fl-a"/>
      </object_component>
      <object_component id="oc-3e2">
         <name>.debug_info</name>
         <load_address>0xfa80</load_address>
         <run_address>0xfa80</run_address>
         <size>0x121</size>
         <input_file_ref idref="fl-a"/>
      </object_component>
      <object_component id="oc-2b3">
         <name>.debug_info</name>
         <load_address>0xfba1</load_address>
         <run_address>0xfba1</run_address>
         <size>0x272</size>
         <input_file_ref idref="fl-a"/>
      </object_component>
      <object_component id="oc-42b">
         <name>.debug_info</name>
         <load_address>0xfe13</load_address>
         <run_address>0xfe13</run_address>
         <size>0x20f</size>
         <input_file_ref idref="fl-a"/>
      </object_component>
      <object_component id="oc-3e5">
         <name>.debug_info</name>
         <load_address>0x10022</load_address>
         <run_address>0x10022</run_address>
         <size>0x26e</size>
         <input_file_ref idref="fl-a"/>
      </object_component>
      <object_component id="oc-33d">
         <name>.debug_info</name>
         <load_address>0x10290</load_address>
         <run_address>0x10290</run_address>
         <size>0x36f</size>
         <input_file_ref idref="fl-a"/>
      </object_component>
      <object_component id="oc-1e7">
         <name>.debug_info</name>
         <load_address>0x105ff</load_address>
         <run_address>0x105ff</run_address>
         <size>0x1da</size>
         <input_file_ref idref="fl-a"/>
      </object_component>
      <object_component id="oc-65">
         <name>.debug_info</name>
         <load_address>0x107d9</load_address>
         <run_address>0x107d9</run_address>
         <size>0x119</size>
         <input_file_ref idref="fl-c6"/>
      </object_component>
      <object_component id="oc-f1">
         <name>.debug_info</name>
         <load_address>0x108f2</load_address>
         <run_address>0x108f2</run_address>
         <size>0x147</size>
         <input_file_ref idref="fl-c7"/>
      </object_component>
      <object_component id="oc-431">
         <name>.debug_info</name>
         <load_address>0x10a39</load_address>
         <run_address>0x10a39</run_address>
         <size>0x142</size>
         <input_file_ref idref="fl-c8"/>
      </object_component>
      <object_component id="oc-ee">
         <name>.debug_info</name>
         <load_address>0x10b7b</load_address>
         <run_address>0x10b7b</run_address>
         <size>0x2d4</size>
         <input_file_ref idref="fl-c9"/>
      </object_component>
      <object_component id="oc-78">
         <name>.debug_info</name>
         <load_address>0x10e4f</load_address>
         <run_address>0x10e4f</run_address>
         <size>0x1b5</size>
         <input_file_ref idref="fl-c9"/>
      </object_component>
      <object_component id="oc-e9">
         <name>.debug_info</name>
         <load_address>0x11004</load_address>
         <run_address>0x11004</run_address>
         <size>0x46</size>
         <input_file_ref idref="fl-c9"/>
      </object_component>
      <object_component id="oc-1b7">
         <name>.debug_info</name>
         <load_address>0x1104a</load_address>
         <run_address>0x1104a</run_address>
         <size>0x2c</size>
         <input_file_ref idref="fl-c9"/>
      </object_component>
      <object_component id="oc-6f">
         <name>.debug_info</name>
         <load_address>0x11076</load_address>
         <run_address>0x11076</run_address>
         <size>0x2a8</size>
         <input_file_ref idref="fl-ca"/>
      </object_component>
      <object_component id="oc-1f">
         <name>.debug_info</name>
         <load_address>0x1131e</load_address>
         <run_address>0x1131e</run_address>
         <size>0x1ea</size>
         <input_file_ref idref="fl-ca"/>
      </object_component>
      <object_component id="oc-6a">
         <name>.debug_info</name>
         <load_address>0x11508</load_address>
         <run_address>0x11508</run_address>
         <size>0x46</size>
         <input_file_ref idref="fl-ca"/>
      </object_component>
      <object_component id="oc-e1">
         <name>.debug_info</name>
         <load_address>0x1154e</load_address>
         <run_address>0x1154e</run_address>
         <size>0x2c</size>
         <input_file_ref idref="fl-ca"/>
      </object_component>
      <object_component id="oc-df">
[...]
         <value>0x200076ec</value>
      </symbol>
      <symbol id="sm-18b">
         <name>semS2</name>
         <value>0x200076f0</value>
      </symbol>
      <symbol id="sm-18c">
         <name>semS3</name>
         <value>0x200076f4</value>
      </symbol>
      <symbol id="sm-18d">
         <name>vApplicationStackOverflowHook</name>
         <value>0x2b5f</value>
         <object_component_ref idref="oc-118"/>
      </symbol>
      <symbol id="sm-18e">
         <name>T3</name>
         <value>0x2000793c</value>
         <object_component_ref idref="oc-b4"/>
      </symbol>
      <symbol id="sm-18f">
         <name>T2</name>
         <value>0x20007938</value>
         <object_component_ref idref="oc-b4"/>
      </symbol>
      <symbol id="sm-190">
         <name>T1</name>
         <value>0x20007934</value>
         <object_component_ref idref="oc-b4"/>
      </symbol>
      <symbol id="sm-191">
         <name>heating_pwm_init</name>
         <value>0x1abd</value>
         <object_component_ref idref="oc-1d8"/>
      </symbol>
      <symbol id="sm-192">
         <name>init_i2c0</name>
         <value>0x1891</value>
         <object_component_ref idref="oc-1c6"/>
      </symbol>
      <symbol id="sm-193">
         <name>main</name>
         <value>0x579</value>
         <object_component_ref idref="oc-fb"/>
      </symbol>
      <symbol id="sm-194">
         <name>seat_pwm_init</name>
         <value>0x1c31</value>
         <object_component_ref idref="oc-1de"/>
      </symbol>
      <symbol id="sm-195">
         <name>ConfigureUART</name>
         <value>0x1d21</value>
         <object_component_ref idref="oc-1c0"/>
      </symbol>
      <symbol id="sm-196">
         <name>read_from_accelerometer</name>
         <value>0x2341</value>
         <object_component_ref idref="oc-399"/>
      </symbol>
      <symbol id="sm-197">
         <name>button_init</name>
         <value>0x239d</value>
         <object_component_ref idref="oc-1cc"/>
      </symbol>
      <symbol id="sm-198">
         <name>tmp_readdata</name>
         <value>0x249d</value>
         <object_component_ref idref="oc-3a5"/>
      </symbol>
      <symbol id="sm-199">
         <name>abortS1</name>
         <value>0x20007930</value>
         <object_component_ref idref="oc-b4"/>
      </symbol>
      <symbol id="sm-19a">
         <name>abortS3</name>
         <value>0x20007932</value>
         <object_component_ref idref="oc-b4"/>
      </symbol>
      <symbol id="sm-19b">
         <name>abortS2</name>
         <value>0x20007931</value>
         <object_component_ref idref="oc-b4"/>
      </symbol>
      <symbol id="sm-19c">
         <name>write_to_accelerometer</name>
         <value>0x131d</value>
         <object_component_ref idref="oc-2c3"/>
      </symbol>
      <symbol id="sm-19d">
         <name>Timer0IntHandler</name>
         <value>0x2601</value>
         <object_component_ref idref="oc-4a"/>
      </symbol>
      <symbol id="sm-19e">
         <name>tmp_sensor_init</name>
         <value>0x2031</value>
         <object_component_ref idref="oc-1d2"/>
      </symbol>
      <symbol id="sm-19f">
         <name>ButtonHandler</name>
         <value>0x2885</value>
         <object_component_ref idref="oc-50"/>
      </symbol>
      <symbol id="sm-1d5">
         <name>ResetISR</name>
         <value>0x2b7f</value>
         <object_component_ref idref="oc-27"/>
      </symbol>
      <symbol id="sm-1d6">
         <name>g_pfnVectors</name>
         <value>0x0</value>
         <object_component_ref idref="oc-12"/>
      </symbol>
      <symbol id="sm-20d">
         <name>uxListRemove</name>
         <value>0x2531</value>
         <object_component_ref idref="oc-128"/>
      </symbol>
      <symbol id="sm-20e">
         <name>vListInsert</name>
         <value>0x2169</value>
         <object_component_ref idref="oc-289"/>
      </symbol>
      <symbol id="sm-20f">
         <name>vListInitialiseItem</name>
         <value>0x2ac9</value>
         <object_component_ref idref="oc-458"/>
      </symbol>
      <symbol id="sm-210">
         <name>vListInsertEnd</name>
         <value>0x2735</value>
         <object_component_ref idref="oc-12e"/>
      </symbol>
      <symbol id="sm-211">
         <name>vListInitialise</name>
         <value>0x27d9</value>
         <object_component_ref idref="oc-34d"/>
      </symbol>
      <symbol id="sm-29b">
         <name>xQueueCreateMutex</name>
         <value>0x1ca9</value>
         <object_component_ref idref="oc-1ea"/>
      </symbol>
      <symbol id="sm-29c">
         <name>xQueueGenericSend</name>
         <value>0xc71</value>
         <object_component_ref idref="oc-ae"/>
      </symbol>
      <symbol id="sm-29d">
         <name>xQueueGenericReceive</name>
         <value>0x76d</value>
         <object_component_ref idref="oc-1f0"/>
      </symbol>
      <symbol id="sm-473">
         <name>vTaskSuspendAll</name>
         <value>0x2ad9</value>
         <object_component_ref idref="oc-156"/>
      </symbol>
      <symbol id="sm-474">
         <name>vTaskPriorityInherit</name>
         <value>0x1255</value>
         <object_component_ref idref="oc-366"/>
      </symbol>
      <symbol id="sm-475">
         <name>vTaskPlaceOnEventList</name>
         <value>0x2101</value>
         <object_component_ref idref="oc-168"/>
      </symbol>
      <symbol id="sm-476">
         <name>xTaskCheckForTimeOut</name>
         <value>0x19b5</value>
         <object_component_ref idref="oc-15c"/>
      </symbol>
      <symbol id="sm-477">
         <name>xTaskPriorityDisinherit</name>
         <value>0x16b9</value>
         <object_component_ref idref="oc-279"/>
      </symbol>
      <symbol id="sm-478">
         <name>vTaskStartScheduler</name>
         <value>0x1ef1</value>
         <object_component_ref idref="oc-1fc"/>
      </symbol>
      <symbol id="sm-479">
         <name>pvTaskIncrementMutexHeldCount</name>
         <value>0x2975</value>
         <object_component_ref idref="oc-35a"/>
      </symbol>
      <symbol id="sm-47a">
         <name>vTaskMissedYield</name>
         <value>0x2b35</value>
         <object_component_ref idref="oc-299"/>
      </symbol>
      <symbol id="sm-47b">
         <name>xTaskResumeAll</name>
         <value>0xfb1</value>
         <object_component_ref idref="oc-174"/>
      </symbol>
      <symbol id="sm-47c">
         <name>xTaskGetTickCount</name>
         <value>0x2a05</value>
         <object_component_ref idref="oc-393"/>
      </symbol>
      <symbol id="sm-47d">
         <name>xTaskGenericCreate</name>
         <value>0x8d5</value>
         <object_component_ref idref="oc-1f6"/>
      </symbol>
      <symbol id="sm-47e">
         <name>vTaskDelete</name>
         <value>0x13e1</value>
         <object_component_ref idref="oc-39f"/>
      </symbol>
      <symbol id="sm-47f">
         <name>pxCurrentTCB</name>
         <value>0x20007900</value>
         <object_component_ref idref="oc-9a"/>
      </symbol>
      <symbol id="sm-480">
         <name>vTaskSetTimeOutState</name>
         <value>0x28f1</value>
         <object_component_ref idref="oc-150"/>
      </symbol>
      <symbol id="sm-481">
         <name>xTaskIncrementTick</name>
         <value>0xa09</value>
         <object_component_ref idref="oc-a7"/>
      </symbol>
      <symbol id="sm-482">
         <name>vTaskSwitchContext</name>
         <value>0x1559</value>
         <object_component_ref idref="oc-a0"/>
      </symbol>
      <symbol id="sm-483">
         <name>xTaskRemoveFromEventList</name>
         <value>0x1925</value>
         <object_component_ref idref="oc-144"/>
      </symbol>
      <symbol id="sm-4e1">
         <name>ulMaxSyscallInterruptPriority</name>
         <value>0x2cc8</value>
         <object_component_ref idref="oc-9d"/>
      </symbol>
      <symbol id="sm-4e2">
         <name>vPortSetupTimerInterrupt</name>
         <value>0x29c5</value>
         <object_component_ref idref="oc-470"/>
      </symbol>
      <symbol id="sm-4e3">
         <name>xPortSysTickHandler</name>
         <value>0x2809</value>
         <object_component_ref idref="oc-44"/>
      </symbol>
      <symbol id="sm-4e4">
         <name>pxPortInitialiseStack</name>
         <value>0x22e5</value>
         <object_component_ref idref="oc-379"/>
      </symbol>
      <symbol id="sm-4e5">
         <name>vPortExitCritical</name>
         <value>0x2991</value>
         <object_component_ref idref="oc-14a"/>
      </symbol>
      <symbol id="sm-4e6">
         <name>xPortStartScheduler</name>
         <value>0x25bd</value>
         <object_component_ref idref="oc-386"/>
      </symbol>
      <symbol id="sm-4e7">
         <name>vPortEnterCritical</name>
         <value>0x28cd</value>
         <object_component_ref idref="oc-138"/>
      </symbol>
      <symbol id="sm-4f6">
         <name>vPortStartFirstTask</name>
         <value>0x1229</value>
         <object_component_ref idref="oc-3f"/>
      </symbol>
      <symbol id="sm-4f7">
         <name>ulPortGetIPSR</name>
         <value>0x1191</value>
         <object_component_ref idref="oc-3f"/>
      </symbol>
      <symbol id="sm-4f8">
         <name>vPortEnableVFP</name>
         <value>0x1245</value>
         <object_component_ref idref="oc-3f"/>
      </symbol>
      <symbol id="sm-4f9">
         <name>xPortPendSVHandler</name>
         <value>0x11a9</value>
         <object_component_ref idref="oc-3f"/>
      </symbol>
      <symbol id="sm-4fa">
         <name>vPortSVCHandler</name>
         <value>0x1209</value>
         <object_component_ref idref="oc-3f"/>
      </symbol>
      <symbol id="sm-553">
         <name>pvPortMalloc</name>
         <value>0xea9</value>
         <object_component_ref idref="oc-347"/>
      </symbol>
      <symbol id="sm-554">
         <name>vPortFree</name>
         <value>0x2099</value>
         <object_component_ref idref="oc-451"/>
      </symbol>
      <symbol id="sm-5d6">
         <name>UARTStdioConfig</name>
         <value>0x1d95</value>
         <object_component_ref idref="oc-2b0"/>
      </symbol>
      <symbol id="sm-5d7">
         <name>UARTwrite</name>
         <value>0x222d</value>
         <object_component_ref idref="oc-42a"/>
      </symbol>
      <symbol id="sm-5d8">
         <name>UARTprintf</name>
         <value>0x28a9</value>
         <object_component_ref idref="oc-1e4"/>
      </symbol>
      <symbol id="sm-5d9">
         <name>UARTvprintf</name>
         <value>0x26d</value>
         <object_component_ref idref="oc-33a"/>
      </symbol>
      <symbol id="sm-5f5">
         <name>memcpy</name>
         <value>0x175d</value>
         <object_component_ref idref="oc-64"/>
      </symbol>
      <symbol id="sm-5f6">
         <name>__aeabi_memcpy</name>
         <value>0x175d</value>
         <object_component_ref idref="oc-64"/>
      </symbol>
      <symbol id="sm-5f7">
         <name>__aeabi_memcpy8</name>
         <value>0x175d</value>
         <object_component_ref idref="oc-64"/>
      </symbol>
      <symbol id="sm-5f8">
         <name>__aeabi_memcpy4</name>
         <value>0x175d</value>
         <object_component_ref idref="oc-64"/>
      </symbol>
      <symbol id="sm-607">
         <name>__aeabi_memset</name>
         <value>0x1bb7</value>
         <object_component_ref idref="oc-ef"/>
      </symbol>
      <symbol id="sm-608">
         <name>memset</name>
         <value>0x1bbd</value>
         <object_component_ref idref="oc-ef"/>
      </symbol>
      <symbol id="sm-609">
         <name>__aeabi_memset8</name>
         <value>0x1bb7</value>
         <object_component_ref idref="oc-ef"/>
      </symbol>
      <symbol id="sm-60a">
         <name>__aeabi_memset4</name>
         <value>0x1bb7</value>
         <object_component_ref idref="oc-ef"/>
      </symbol>
      <symbol id="sm-60b">
         <name>__aeabi_memclr8</name>
         <value>0x1bb5</value>
         <object_component_ref idref="oc-ef"/>
      </symbol>
      <symbol id="sm-60c">
         <name>__aeabi_memclr4</name>
         <value>0x1bb5</value>
         <object_component_ref idref="oc-ef"/>
      </symbol>
      <symbol id="sm-60d">
         <name>__aeabi_memclr</name>
         <value>0x1bb5</value>
         <object_component_ref idref="oc-ef"/>
      </symbol>
      <symbol id="sm-61c">
         <name>__aeabi_uidivmod</name>
         <value>0x2641</value>
         <object_component_ref idref="oc-430"/>
      </symbol>
      <symbol id="sm-61d">
         <name>__aeabi_uidiv</name>
         <value>0x2641</value>
         <object_component_ref idref="oc-430"/>
      </symbol>
      <symbol id="sm-634">
         <name>__TI_zero_init</name>
         <value>0x2b29</value>
         <object_component_ref idref="oc-76"/>
      </symbol>
      <symbol id="sm-64b">
         <name>__TI_decompress_none</name>
         <value>0x2af7</value>
         <object_component_ref idref="oc-1b"/>
      </symbol>
      <symbol id="sm-66e">
         <name>__TI_decompress_lzss</name>
         <value>0x1f61</value>
         <object_component_ref idref="oc-15"/>
      </symbol>
      <symbol id="sm-681">
         <name>__stack</name>
         <value>0x20007700</value>
         <object_component_ref idref="oc-24"/>
      </symbol>
      <symbol id="sm-682">
         <name>_c_int00_noargs</name>
         <value>0x27a5</value>
         <object_component_ref idref="oc-82"/>
      </symbol>
      <symbol id="sm-68c">
         <name>__aeabi_idiv0</name>
         <value>0x1557</value>
         <object_component_ref idref="oc-4dc"/>
      </symbol>
      <symbol id="sm-68d">
         <name>__aeabi_ldiv0</name>
         <value>0x1557</value>
         <object_component_ref idref="oc-4dc"/>
      </symbol>
      <symbol id="sm-6b5">
         <name>__TI_auto_init_nobinit_nopinit</name>
         <value>0x2579</value>
         <object_component_ref idref="oc-222"/>
      </symbol>
      <symbol id="sm-6bf">
         <name>_system_pre_init</name>
         <value>0x2b97</value>
         <object_component_ref idref="oc-f5"/>
      </symbol>
      <symbol id="sm-6cb">
         <name>C$$EXIT</name>
         <value>0x2b9b</value>
         <object_component_ref idref="oc-216"/>
      </symbol>
      <symbol id="sm-6cc">
         <name>abort</name>
         <value>0x2b9b</value>
         <object_component_ref idref="oc-216"/>
      </symbol>
      <symbol id="sm-745">
         <name>GPIOPinTypePWM</name>
         <value>0x2a3d</value>
         <object_component_ref idref="oc-30e"/>
      </symbol>
      <symbol id="sm-746">
         <name>GPIOPinConfigure</name>
         <value>0x24e9</value>
         <object_component_ref idref="oc-2ef"/>
      </symbol>
      <symbol id="sm-747">
         <name>GPIOPinTypeI2CSCL</name>
         <value>0x2a2b</value>
         <object_component_ref idref="oc-2b7"/>
      </symbol>
      <symbol id="sm-748">
         <name>GPIOIntDisable</name>
         <value>0x2ae9</value>
         <object_component_ref idref="oc-c1"/>
      </symbol>
      <symbol id="sm-749">
         <name>GPIOIntEnable</name>
         <value>0x2b05</value>
         <object_component_ref idref="oc-2e2"/>
      </symbol>
      <symbol id="sm-74a">
         <name>GPIOIntTypeSet</name>
         <value>0x23f5</value>
         <object_component_ref idref="oc-2e8"/>
      </symbol>
      <symbol id="sm-74b">
         <name>GPIOPinTypeGPIOInput</name>
         <value>0x2a19</value>
         <object_component_ref idref="oc-2d6"/>
      </symbol>
      <symbol id="sm-74c">
         <name>GPIOPinTypeGPIOOutput</name>
         <value>0x29ad</value>
         <object_component_ref idref="oc-2d0"/>
      </symbol>
      <symbol id="sm-74d">
         <name>GPIODirModeSet</name>
         <value>0x2835</value>
         <object_component_ref idref="oc-3ee"/>
      </symbol>
      <symbol id="sm-74e">
         <name>GPIOPinWrite</name>
         <value>0x2b79</value>
         <object_component_ref idref="oc-c7"/>
      </symbol>
      <symbol id="sm-74f">
         <name>GPIOPadConfigSet</name>
         <value>0xb3d</value>
         <object_component_ref idref="oc-2dc"/>
      </symbol>
      <symbol id="sm-750">
         <name>GPIOPinTypeSSI</name>
         <value>0x2a4f</value>
         <object_component_ref idref="oc-2f5"/>
      </symbol>
      <symbol id="sm-77d">
         <name>I2CMasterDataPut</name>
         <value>0x2b93</value>
         <object_component_ref idref="oc-3ff"/>
      </symbol>
      <symbol id="sm-77e">
         <name>I2CMasterSlaveAddrSet</name>
         <value>0x2b71</value>
         <object_component_ref idref="oc-3f9"/>
      </symbol>
      <symbol id="sm-77f">
         <name>I2CMasterDataGet</name>
         <value>0x2b8f</value>
         <object_component_ref idref="oc-47f"/>
      </symbol>
      <symbol id="sm-780">
         <name>I2CMasterControl</name>
         <value>0x2b8b</value>
         <object_component_ref idref="oc-405"/>
      </symbol>
      <symbol id="sm-781">
         <name>I2CMasterBusy</name>
         <value>0x2b69</value>
         <object_component_ref idref="oc-40b"/>
      </symbol>
      <symbol id="sm-7bf">
         <name>PWMGenPeriodSet</name>
         <value>0x2aa9</value>
         <object_component_ref idref="oc-31a"/>
      </symbol>
      <symbol id="sm-7c0">
         <name>PWMPulseWidthSet</name>
         <value>0x2957</value>
         <object_component_ref idref="oc-326"/>
      </symbol>
      <symbol id="sm-7c1">
         <name>PWMGenPeriodGet</name>
         <value>0x2a61</value>
         <object_component_ref idref="oc-320"/>
      </symbol>
      <symbol id="sm-7c2">
         <name>PWMOutputState</name>
         <value>0x2a85</value>
         <object_component_ref idref="oc-32c"/>
      </symbol>
      <symbol id="sm-7c3">
         <name>PWMGenEnable</name>
         <value>0x2b11</value>
         <object_component_ref idref="oc-332"/>
      </symbol>
      <symbol id="sm-7c4">
         <name>PWMGenConfigure</name>
         <value>0x2915</value>
         <object_component_ref idref="oc-314"/>
      </symbol>
      <symbol id="sm-7c5">
         <name>PWMOutputInvert</name>
         <value>0x2a73</value>
         <object_component_ref idref="oc-3ab"/>
      </symbol>
      <symbol id="sm-7f6">
         <name>SSIDataPut</name>
         <value>0x2b41</value>
         <object_component_ref idref="oc-48d"/>
      </symbol>
      <symbol id="sm-7f7">
         <name>SSIDataGet</name>
         <value>0x2b1d</value>
         <object_component_ref idref="oc-493"/>
      </symbol>
      <symbol id="sm-7f8">
         <name>SSIDataGetNonBlocking</name>
         <value>0x2a97</value>
         <object_component_ref idref="oc-487"/>
      </symbol>
      <symbol id="sm-7f9">
         <name>SSIConfigSetExpClk</name>
         <value>0x2681</value>
         <object_component_ref idref="oc-2fb"/>
      </symbol>
      <symbol id="sm-7fa">
         <name>SSIEnable</name>
         <value>0x2b4b</value>
         <object_component_ref idref="oc-301"/>
      </symbol>
      <symbol id="sm-83e">
         <name>SysCtlPeripheralEnable</name>
         <value>0x2771</value>
         <object_component_ref idref="oc-2ca"/>
      </symbol>
      <symbol id="sm-83f">
         <name>SysCtlClockGet</name>
         <value>0xd99</value>
         <object_component_ref idref="oc-2bd"/>
      </symbol>
      <symbol id="sm-840">
         <name>SysCtlPWMClockSet</name>
         <value>0x29dd</value>
         <object_component_ref idref="oc-308"/>
      </symbol>
      <symbol id="sm-84d">
         <name>UARTClockSourceSet</name>
         <value>0x2b85</value>
         <object_component_ref idref="oc-2aa"/>
      </symbol>
      <symbol id="sm-84f">
         <name>__TI_static_base__</name>
         <value>0x0</value>
      </symbol>
      <symbol id="sm-852">
         <name>__mpu_init</name>
         <value>0x0</value>
      </symbol>
      <symbol id="sm-853">
         <name>_system_post_cinit</name>
         <value>0x0</value>
      </symbol>
   </symbol_table>
   <title>Link successful</title>
</link_info>
